<html>
<body>
<pre>
<h1>礦ision Build Log</h1>
<h2>Tool Versions:</h2>
IDE-Version: μVision V5.32.0.0
Copyright (C) 2020 ARM Ltd and ARM Germany GmbH. All rights reserved.
License Information: D DUAN, D, LIC=8VRMM-XXXLJ-PCNJ8-3RCU7-WAZNX-3PDU4
 
Tool Versions:
Toolchain:       MDK-ARM Plus  Version: 5.32.0.0
Toolchain Path:  C:\Software\keil\ARM\ARMCC\Bin
C Compiler:      Armcc.exe V5.06 update 7 (build 960)
Assembler:       Armasm.exe V5.06 update 7 (build 960)
Linker/Locator:  ArmLink.exe V5.06 update 7 (build 960)
Library Manager: ArmAr.exe V5.06 update 7 (build 960)
Hex Converter:   FromElf.exe V5.06 update 7 (build 960)
CPU DLL:         SARMCM3.DLL V5.32.0.0
Dialog DLL:      DCM.DLL V1.17.3.0
Target DLL:      STLink\ST-LINKIII-KEIL_SWO.dll V3.0.8.0
Dialog DLL:      TCM.DLL V1.46.0.0
 
<h2>Project:</h2>
C:\Users\DUAN\Desktop\work\晒被机1\Progect\Progect.uvprojx
Project File Date:  12/16/2020

<h2>Output:</h2>
  
Warning: *** SUPPORT EXPIRED, NEW PRODUCT SERIAL NUMBER REQUIRED ***
         *** Running with Code Size Limit: 32K                   ***
*** Using Compiler 'V5.06 update 7 (build 960)', folder: 'C:\Software\keil\ARM\ARMCC\Bin'
Rebuild target 'Target 1'
compiling System.c...
compiling iwdg.c...
compiling stm32f10x_it.c...
compiling gpio.c...
compiling delay.c...
compiling cString.c...
compiling usart.c...
compiling timer.c...
compiling DHT11.c...
compiling ConfigModuleNoBlock.c...
..\User\ConfigModuleNoBlock.c(67): warning:  #513-D: a value of type "char *" cannot be assigned to an entity of type "unsigned char *"
  	MainString=StrBetwString(data,"\r\n","\r\n");
..\User\ConfigModuleNoBlock.c(69): warning:  #167-D: argument of type "unsigned char *" is incompatible with parameter of type "const char *"
  	if(strlen(MainString) ==15)
..\User\ConfigModuleNoBlock.c(94): warning:  #167-D: argument of type "unsigned char *" is incompatible with parameter of type "char *restrict"
  	sprintf(MQTTPublishTopic,"%s%s","device/",&MQTTid[0]);//组合发布的主题
..\User\ConfigModuleNoBlock.c(127): warning:  #167-D: argument of type "char *" is incompatible with parameter of type "unsigned char *"
  	if(mqtt_connect_ack(data)==0)
..\User\ConfigModuleNoBlock.c(194): warning:  #167-D: argument of type "unsigned char *" is incompatible with parameter of type "char *restrict"
  				MainLen = sprintf(MainBuffer,"AT+CIPSTART=\"TCP\",\"%s\",%s\r\n",IP,Port);
..\User\ConfigModuleNoBlock.c(196): warning:  #167-D: argument of type "unsigned char *" is incompatible with parameter of type "char *"
  				SendConfigFunction(MainBuffer,NULL,"CONNECT",NULL,FunctionParseCompare,CompareValue);break;
..\User\ConfigModuleNoBlock.c: 6 warnings, 0 errors
compiling main.c...
..\User\main.c(187): warning:  #192-D: unrecognized character escape sequence
  			MainLen = sprintf((char*)MainBuffer,"{\"ID\":\"\%s\",\"fan\":\"%d\",\"hart\":\"%d\",\"quilt\":\"%d\",\"lock\":\"%d\",\"pos\":\"%d\"}",&MQTTid[0],fan_status,hart_status,quilt_status,lock_status,Pos_status);//是否开启
..\User\main.c(371): warning:  #167-D: argument of type "unsigned char *" is incompatible with parameter of type "const char *"
      if(strstr((char*)data,MainBuffer))//询问id868956047824309
..\User\main.c: 2 warnings, 0 errors
compiling core_cm3.c...
assembling startup_stm32f10x_hd.s...
compiling misc.c...
compiling stm32f10x_iwdg.c...
compiling system_stm32f10x.c...
compiling stm32f10x_exti.c...
compiling stm32f10x_gpio.c...
compiling stm32f10x_flash.c...
compiling stm32f10x_usart.c...
compiling stm32f10x_rcc.c...
compiling stm32f10x_adc.c...
compiling stm32f10x_tim.c...
compiling mqtt.c...
compiling BufferManage.c...
compiling LoopList.c...
compiling lock.c...
compiling sht20.c...
compiling usart2.c...
compiling mqtt_msg.c...
..\MQTT\mqtt_msg.c(236): warning:  #167-D: argument of type "unsigned char *" is incompatible with parameter of type "const char *"
      if(append_string(&length,buffer,buffer_length, info->client_id, c_strlen(info->client_id)) < 0)//拷贝
..\MQTT\mqtt_msg.c(244): warning:  #167-D: argument of type "unsigned char *" is incompatible with parameter of type "const char *"
      if(append_string(&length,buffer,buffer_length , info->will_topic, c_strlen(info->will_topic)) < 0)//遗嘱的主题
..\MQTT\mqtt_msg.c(247): warning:  #167-D: argument of type "unsigned char *" is incompatible with parameter of type "const char *"
      if(append_string(&length,buffer,buffer_length , info->will_message, c_strlen(info->will_message)) < 0)//遗嘱的消息
..\MQTT\mqtt_msg.c(258): warning:  #167-D: argument of type "unsigned char *" is incompatible with parameter of type "const char *"
      if(append_string(&length,buffer,buffer_length, info->username, c_strlen(info->username)) < 0)//拷贝用户名
..\MQTT\mqtt_msg.c(266): warning:  #167-D: argument of type "unsigned char *" is incompatible with parameter of type "const char *"
      if(append_string(&length,buffer,buffer_length, info->password, c_strlen(info->password)) < 0)
..\MQTT\mqtt_msg.c(333): warning:  #167-D: argument of type "unsigned char *" is incompatible with parameter of type "const char *"
  	if(append_string(&length, buffer, buffer_length, topic, c_strlen(topic)) < 0)
..\MQTT\mqtt_msg.c(394): warning:  #167-D: argument of type "unsigned char *" is incompatible with parameter of type "const char *"
    if(append_string(&length, buffer, buffer_length, topic, strlen(topic)) < 0)
..\MQTT\mqtt_msg.c: 7 warnings, 0 errors
compiling adc.c...
compiling mpu6050.c...
compiling mpuiic.c...
compiling max31865.c...
compiling myiic.c...
compiling uart5.c...
compiling exti.c...
compiling wk2xxx_uart.c...
linking...
Program Size: Code=30276 RO-data=524 RW-data=524 ZI-data=10052  
FromELF: creating hex file...
".\output\Progect.axf" - 0 Error(s), 16 Warning(s).

<h2>Software Packages used:</h2>

Package Vendor: Keil
                http://www.keil.com/pack/Keil.STM32F1xx_DFP.2.2.0.pack
                Keil.STM32F1xx_DFP.2.2.0
                STMicroelectronics STM32F1 Series Device Support, Drivers and Examples

<h2>Collection of Component include folders:</h2>
  C:\Software\keil\ARM\Keil\STM32F1xx_DFP\2.2.0\Device\Include

<h2>Collection of Component Files used:</h2>
Build Time Elapsed:  00:00:03
</pre>
</body>
</html>
