Component: ARM Compiler 5.06 update 7 (build 960) Tool: armlink [4d3601]

==============================================================================

Section Cross References

    main.o(.text) refers to printfa.o(i.__0printf) for __2printf
    main.o(.text) refers to exti.o(.text) for Exti_Disable
    main.o(.text) refers to wk2xxx_uart.o(.text) for wk_TxChars
    main.o(.text) refers to delay.o(.text) for delay_ms
    main.o(.text) refers to sht20.o(.text) for SHT2x_GetTempPoll
    main.o(.text) refers to max31865.o(.text) for MAX31865_GetTemp
    main.o(.text) refers to f2d.o(.text) for __aeabi_f2d
    main.o(.text) refers to printfa.o(i.__0sprintf) for __2sprintf
    main.o(.text) refers to mqtt.o(.text) for mqtt_publish
    main.o(.text) refers to mpu6050.o(.text) for MPU_Get_Accelerometer
    main.o(.text) refers to dflti.o(.text) for __aeabi_i2d
    main.o(.text) refers to ddiv.o(.text) for __aeabi_ddiv
    main.o(.text) refers to d2f.o(.text) for __aeabi_d2f
    main.o(.text) refers to cdrcmple.o(.text) for __aeabi_cdrcmple
    main.o(.text) refers to lock.o(.text) for light_color
    main.o(.text) refers to strstr.o(.text) for strstr
    main.o(.text) refers to stm32f10x_tim.o(.text) for TIM_ClearITPendingBit
    main.o(.text) refers to configmodulenoblock.o(.data) for ConfigModuleNoBlockFlage
    main.o(.text) refers to main.o(.data) for PZEM
    main.o(.text) refers to dht11.o(.data) for RendTHCnt
    main.o(.text) refers to exti.o(.data) for AC_Current
    main.o(.text) refers to main.o(.bss) for MQTTid
    main.o(.text) refers to main.o(.conststring) for .conststring
    main.o(.text) refers to mqtt.o(.bss) for mymqtt
    main.o(.text) refers to usart2.o(.data) for rxflag
    main.o(.text) refers to usart2.o(.bss) for rxbuf
    main.o(.text) refers to timer.o(.data) for xuan
    main.o(.text) refers to memseta.o(.text) for __aeabi_memclr
    main.o(.text) refers to system.o(.text) for NVIC_PriorityGroup
    main.o(.text) refers to usart.o(.text) for uart_init
    main.o(.text) refers to usart2.o(.text) for Usart2_Init
    main.o(.text) refers to gpio.o(.text) for GpioInit
    main.o(.text) refers to timer.o(.text) for Timer2_Config
    main.o(.text) refers to myiic.o(.text) for IIC_Init
    main.o(.text) refers to adc.o(.text) for Adc_Init
    main.o(.text) refers to uart5.o(.text) for uart5_init
    main.o(.text) refers to iwdg.o(.text) for IWDG_Init
    main.o(.text) refers to configmodulenoblock.o(.text) for ConfigModuleNoBlock
    main.o(.text) refers to buffermanage.o(.text) for BufferManageRead
    main.o(.text) refers to usart.o(.bss) for buff_manage_struct_usart3_read
    system.o(.text) refers to misc.o(.text) for NVIC_PriorityGroupConfig
    delay.o(.text) refers to misc.o(.text) for SysTick_CLKSourceConfig
    delay.o(.text) refers to system_stm32f10x.o(.data) for SystemCoreClock
    delay.o(.text) refers to delay.o(.data) for fac_us
    usart.o(.text) refers to looplist.o(.text) for rbCreate
    usart.o(.text) refers to buffermanage.o(.text) for BufferManageCreate
    usart.o(.text) refers to misc.o(.text) for NVIC_Init
    usart.o(.text) refers to stm32f10x_rcc.o(.text) for RCC_APB1PeriphClockCmd
    usart.o(.text) refers to stm32f10x_gpio.o(.text) for GPIO_PinRemapConfig
    usart.o(.text) refers to stm32f10x_usart.o(.text) for USART_Init
    usart.o(.text) refers to usart.o(.bss) for Usart1LoopListSendBuff
    usart.o(.text) refers to usart.o(.data) for Usart3SendData
    usart.o(.text) refers to mqtt.o(.bss) for mymqtt
    gpio.o(.text) refers to stm32f10x_rcc.o(.text) for RCC_APB2PeriphClockCmd
    gpio.o(.text) refers to stm32f10x_gpio.o(.text) for GPIO_Init
    configmodulenoblock.o(.text) refers to cstring.o(.text) for StrBetwString
    configmodulenoblock.o(.text) refers to strlen.o(.text) for strlen
    configmodulenoblock.o(.text) refers to memseta.o(.text) for __aeabi_memclr
    configmodulenoblock.o(.text) refers to memcpya.o(.text) for __aeabi_memcpy
    configmodulenoblock.o(.text) refers to printfa.o(i.__0sprintf) for __2sprintf
    configmodulenoblock.o(.text) refers to mqtt.o(.text) for mqtt_connect
    configmodulenoblock.o(.text) refers to usart.o(.text) for UsartOutStrIT
    configmodulenoblock.o(.text) refers to strstr.o(.text) for strstr
    configmodulenoblock.o(.text) refers to main.o(.data) for MainString
    configmodulenoblock.o(.text) refers to main.o(.bss) for MQTTid
    configmodulenoblock.o(.text) refers to configmodulenoblock.o(.data) for DataReturnFlage
    configmodulenoblock.o(.text) refers to mqtt.o(.bss) for mymqtt
    configmodulenoblock.o(.text) refers to configmodulenoblock.o(.bss) for HopeReturnData1
    cstring.o(.text) refers to malloc.o(i.free) for free
    cstring.o(.text) refers to strlen.o(.text) for strlen
    cstring.o(.text) refers to strstr.o(.text) for strstr
    cstring.o(.text) refers to malloc.o(i.malloc) for malloc
    cstring.o(.text) refers to memseta.o(.text) for __aeabi_memclr
[...]
    .text                                    0x08005810   Section        0  mpuiic.o(.text)
    .text                                    0x08005a5c   Section        0  myiic.o(.text)
    .text                                    0x08005cc8   Section        0  uart5.o(.text)
    .text                                    0x08005dec   Section        0  wk2xxx_uart.o(.text)
    .text                                    0x08006244   Section        0  exti.o(.text)
    .text                                    0x0800639c   Section        0  memcpya.o(.text)
    .text                                    0x080063c0   Section        0  memseta.o(.text)
    .text                                    0x080063e4   Section        0  strstr.o(.text)
    .text                                    0x08006408   Section        0  strlen.o(.text)
    .text                                    0x08006418   Section        0  strtok.o(.text)
    .text                                    0x0800645c   Section        0  fadd.o(.text)
    .text                                    0x0800650c   Section        0  fmul.o(.text)
    .text                                    0x08006570   Section        0  fdiv.o(.text)
    .text                                    0x080065ec   Section        0  dadd.o(.text)
    .text                                    0x0800673a   Section        0  dmul.o(.text)
    .text                                    0x0800681e   Section        0  ddiv.o(.text)
    .text                                    0x080068fc   Section        0  ffltui.o(.text)
    .text                                    0x08006906   Section        0  dflti.o(.text)
    .text                                    0x08006928   Section        0  ffixi.o(.text)
    .text                                    0x0800695a   Section        0  f2d.o(.text)
    .text                                    0x08006980   Section       48  cdrcmple.o(.text)
    .text                                    0x080069b0   Section        0  d2f.o(.text)
    .text                                    0x080069e8   Section       20  cfrcmple.o(.text)
    .text                                    0x080069fc   Section        0  uidiv.o(.text)
    .text                                    0x08006a28   Section        0  uldiv.o(.text)
    .text                                    0x08006a8a   Section        0  llshl.o(.text)
    .text                                    0x08006aa8   Section        0  llsshr.o(.text)
    .text                                    0x08006acc   Section        0  iusefp.o(.text)
    .text                                    0x08006acc   Section        0  fepilogue.o(.text)
    .text                                    0x08006b3a   Section        0  depilogue.o(.text)
    .text                                    0x08006bf4   Section        0  dsqrt.o(.text)
    .text                                    0x08006c96   Section        0  dfixul.o(.text)
    .text                                    0x08006cc8   Section       36  init.o(.text)
    .text                                    0x08006cec   Section        0  llushr.o(.text)
    .text                                    0x08006d0c   Section        0  __dczerorl2.o(.text)
    i.__0printf                              0x08006d64   Section        0  printfa.o(i.__0printf)
    i.__0sprintf                             0x08006d84   Section        0  printfa.o(i.__0sprintf)
    i.__scatterload_copy                     0x08006dac   Section       14  handlers.o(i.__scatterload_copy)
    i.__scatterload_null                     0x08006dba   Section        2  handlers.o(i.__scatterload_null)
    i.__scatterload_zeroinit                 0x08006dbc   Section       14  handlers.o(i.__scatterload_zeroinit)
    i.__set_errno                            0x08006dcc   Section        0  errno.o(i.__set_errno)
    i._fp_digits                             0x08006dd8   Section        0  printfa.o(i._fp_digits)
    _fp_digits                               0x08006dd9   Thumb Code   366  printfa.o(i._fp_digits)
    i._printf_core                           0x08006f5c   Section        0  printfa.o(i._printf_core)
    _printf_core                             0x08006f5d   Thumb Code  1704  printfa.o(i._printf_core)
    i._printf_post_padding                   0x08007610   Section        0  printfa.o(i._printf_post_padding)
    _printf_post_padding                     0x08007611   Thumb Code    36  printfa.o(i._printf_post_padding)
    i._printf_pre_padding                    0x08007634   Section        0  printfa.o(i._printf_pre_padding)
    _printf_pre_padding                      0x08007635   Thumb Code    46  printfa.o(i._printf_pre_padding)
    i._sputc                                 0x08007662   Section        0  printfa.o(i._sputc)
    _sputc                                   0x08007663   Thumb Code    10  printfa.o(i._sputc)
    i.free                                   0x0800766c   Section        0  malloc.o(i.free)
    i.malloc                                 0x080076bc   Section        0  malloc.o(i.malloc)
    i.sqrt                                   0x08007728   Section        0  sqrt.o(i.sqrt)
    .conststring                             0x08007774   Section      187  main.o(.conststring)
    .data                                    0x20000000   Section      326  main.o(.data)
    .data                                    0x20000146   Section        4  delay.o(.data)
    fac_us                                   0x20000146   Data           1  delay.o(.data)
    fac_ms                                   0x20000148   Data           2  delay.o(.data)
    .data                                    0x2000014c   Section       29  usart.o(.data)
    flage                                    0x20000168   Data           1  usart.o(.data)
    .data                                    0x2000016c   Section       29  configmodulenoblock.o(.data)
    .data                                    0x2000018c   Section        9  cstring.o(.data)
    .data                                    0x20000198   Section        7  timer.o(.data)
    .data                                    0x200001a0   Section       12  dht11.o(.data)
    .data                                    0x200001ac   Section       20  system_stm32f10x.o(.data)
    .data                                    0x200001c0   Section       20  stm32f10x_rcc.o(.data)
    APBAHBPrescTable                         0x200001c0   Data          16  stm32f10x_rcc.o(.data)
    ADCPrescTable                            0x200001d0   Data           4  stm32f10x_rcc.o(.data)
    .data                                    0x200001d4   Section        2  mqtt_msg.o(.data)
    .data                                    0x200001d8   Section       12  usart2.o(.data)
    .data                                    0x200001e4   Section       20  exti.o(.data)
    .data                                    0x200001f8   Section        4  strtok.o(.data)
    state                                    0x200001f8   Data           4  strtok.o(.data)
    .data                                    0x200001fc   Section        4  stdout.o(.data)
    .data                                    0x20000200   Section        4  mvars.o(.data)
    .data                                    0x20000204   Section        4  mvars.o(.data)
    .data                                    0x20000208   Section        4  errno.o(.data)
    _errno                                   0x20000208   Data           4  errno.o(.data)
    .bss                                     0x2000020c   Section      370  main.o(.bss)
    .bss                                     0x20000380   Section     5856  usart.o(.bss)
    .bss                                     0x20001a60   Section       40  configmodulenoblock.o(.bss)
    .bss                                     0x20001a88   Section     2232  mqtt.o(.bss)
    .bss                                     0x20002340   Section       16  usart2.o(.bss)
    HEAP                                     0x20002350   Section      512  startup_stm32f10x_hd.o(HEAP)
    STACK                                    0x20002550   Section     1024  startup_stm32f10x_hd.o(STACK)

    Global Symbols

    Symbol Name                              Value     Ov Type        Size  Object(Section)

    BuildAttributes$$THM_ISAv4$P$D$K$B$S$PE$A:L22UL41UL21$X:L11$S22US41US21$IEEE1$IW$USESV6$~STKCKD$USESV7$~SHL$OTIME$ROPI$IEEEJ$EBA8$MICROLIB$REQ8$PRES8$EABIv2 0x00000000   Number         0  anon$$obj.o ABSOLUTE
    __ARM_use_no_argv                        0x00000000   Number         0  main.o ABSOLUTE
    _printf_a                                0x00000000   Number         0  stubs.o ABSOLUTE
    _printf_c                                0x00000000   Number         0  stubs.o ABSOLUTE
    _printf_charcount                        0x00000000   Number         0  stubs.o ABSOLUTE
    _printf_d                                0x00000000   Number         0  stubs.o ABSOLUTE
    _printf_e                                0x00000000   Number         0  stubs.o ABSOLUTE
    _printf_f                                0x00000000   Number         0  stubs.o ABSOLUTE
    _printf_flags                            0x00000000   Number         0  stubs.o ABSOLUTE
    _printf_fp_dec                           0x00000000   Number         0  stubs.o ABSOLUTE
    _printf_fp_hex                           0x00000000   Number         0  stubs.o ABSOLUTE
    _printf_g                                0x00000000   Number         0  stubs.o ABSOLUTE
    _printf_i                                0x00000000   Number         0  stubs.o ABSOLUTE
    _printf_int_dec                          0x00000000   Number         0  stubs.o ABSOLUTE
    _printf_l                                0x00000000   Number         0  stubs.o ABSOLUTE
    _printf_lc                               0x00000000   Number         0  stubs.o ABSOLUTE
    _printf_ll                               0x00000000   Number         0  stubs.o ABSOLUTE
    _printf_lld                              0x00000000   Number         0  stubs.o ABSOLUTE
    _printf_lli                              0x00000000   Number         0  stubs.o ABSOLUTE
    _printf_llo                              0x00000000   Number         0  stubs.o ABSOLUTE
    _printf_llu                              0x00000000   Number         0  stubs.o ABSOLUTE
    _printf_llx                              0x00000000   Number         0  stubs.o ABSOLUTE
    _printf_longlong_dec                     0x00000000   Number         0  stubs.o ABSOLUTE
    _printf_longlong_hex                     0x00000000   Number         0  stubs.o ABSOLUTE
    _printf_longlong_oct                     0x00000000   Number         0  stubs.o ABSOLUTE
    _printf_ls                               0x00000000   Number         0  stubs.o ABSOLUTE
    _printf_mbtowc                           0x00000000   Number         0  stubs.o ABSOLUTE
    _printf_n                                0x00000000   Number         0  stubs.o ABSOLUTE
    _printf_o                                0x00000000   Number         0  stubs.o ABSOLUTE
    _printf_p                                0x00000000   Number         0  stubs.o ABSOLUTE
    _printf_percent                          0x00000000   Number         0  stubs.o ABSOLUTE
    _printf_pre_padding                      0x00000000   Number         0  stubs.o ABSOLUTE
    _printf_return_value                     0x00000000   Number         0  stubs.o ABSOLUTE
    _printf_s                                0x00000000   Number         0  stubs.o ABSOLUTE
    _printf_sizespec                         0x00000000   Number         0  stubs.o ABSOLUTE
    _printf_str                              0x00000000   Number         0  stubs.o ABSOLUTE
    _printf_truncate_signed                  0x00000000   Number         0  stubs.o ABSOLUTE
    _printf_truncate_unsigned                0x00000000   Number         0  stubs.o ABSOLUTE
    _printf_u                                0x00000000   Number         0  stubs.o ABSOLUTE
    _printf_wc                               0x00000000   Number         0  stubs.o ABSOLUTE
    _printf_wctomb                           0x00000000   Number         0  stubs.o ABSOLUTE
    _printf_widthprec                        0x00000000   Number         0  stubs.o ABSOLUTE
    _printf_x                                0x00000000   Number         0  stubs.o ABSOLUTE
    __arm_fini_                               - Undefined Weak Reference
    __cpp_initialize__aeabi_                  - Undefined Weak Reference
    __cxa_finalize                            - Undefined Weak Reference
    _clock_init                               - Undefined Weak Reference
    _microlib_exit                            - Undefined Weak Reference
    __Vectors_Size                           0x00000130   Number         0  startup_stm32f10x_hd.o ABSOLUTE
    __Vectors                                0x08000000   Data           4  startup_stm32f10x_hd.o(RESET)
    __Vectors_End                            0x08000130   Data           0  startup_stm32f10x_hd.o(RESET)
    __main                                   0x08000131   Thumb Code     0  entry.o(.ARM.Collect$$$$00000000)
    _main_stk                                0x08000131   Thumb Code     0  entry2.o(.ARM.Collect$$$$00000001)
    _main_scatterload                        0x08000135   Thumb Code     0  entry5.o(.ARM.Collect$$$$00000004)
    __main_after_scatterload                 0x08000139   Thumb Code     0  entry5.o(.ARM.Collect$$$$00000004)
    _main_clock                              0x08000139   Thumb Code     0  entry7b.o(.ARM.Collect$$$$00000008)
    _main_cpp_init                           0x08000139   Thumb Code     0  entry8b.o(.ARM.Collect$$$$0000000A)
    _main_init                               0x08000139   Thumb Code     0  entry9a.o(.ARM.Collect$$$$0000000B)
    __rt_lib_shutdown_fini                   0x08000141   Thumb Code     0  entry12b.o(.ARM.Collect$$$$0000000E)
    __rt_final_cpp                           0x08000145   Thumb Code     0  entry10a.o(.ARM.Collect$$$$0000000F)
    __rt_final_exit                          0x08000145   Thumb Code     0  entry11a.o(.ARM.Collect$$$$00000011)
    NMI_Handler                              0x08000149   Thumb Code     2  stm32f10x_it.o(.text)
    HardFault_Handler                        0x0800014b   Thumb Code    36  stm32f10x_it.o(.text)
    MemManage_Handler                        0x0800016f   Thumb Code     4  stm32f10x_it.o(.text)
    BusFault_Handler                         0x08000173   Thumb Code     4  stm32f10x_it.o(.text)
    UsageFault_Handler                       0x08000177   Thumb Code     4  stm32f10x_it.o(.text)
    SVC_Handler                              0x0800017b   Thumb Code     2  stm32f10x_it.o(.text)
    DebugMon_Handler                         0x0800017d   Thumb Code     2  stm32f10x_it.o(.text)
    PendSV_Handler                           0x0800017f   Thumb Code     2  stm32f10x_it.o(.text)
    PublishedCb                              0x08000189   Thumb Code    10  main.o(.text)
    AC_Function                              0x08000193   Thumb Code    36  main.o(.text)
    TEMP_Function                            0x080001b7   Thumb Code   204  main.o(.text)
    posture_Function                         0x08000283   Thumb Code   132  main.o(.text)
    LaserFunction                            0x08000307   Thumb Code   244  main.o(.text)
    LockFunction                             0x080003fb   Thumb Code    96  main.o(.text)
    MqttReceive                              0x0800045b   Thumb Code   710  main.o(.text)
    MqttDisConnect                           0x08000721   Thumb Code    26  main.o(.text)
    failsubscribedCb                         0x0800073b   Thumb Code    12  main.o(.text)
    subscribedCb                             0x08000747   Thumb Code    12  main.o(.text)
    MqttConnect                              0x08000753   Thumb Code    52  main.o(.text)
    main                                     0x08000787   Thumb Code   348  main.o(.text)
    RelayFunction                            0x080008e3   Thumb Code   104  main.o(.text)
    NVIC_PriorityGroup                       0x08000a3d   Thumb Code    12  system.o(.text)
    Reset_MCU                                0x08000a49   Thumb Code    32  system.o(.text)
    DelayInit                                0x08000a71   Thumb Code    50  delay.o(.text)
    delay_us                                 0x08000aa3   Thumb Code    72  delay.o(.text)
    delay_ms                                 0x08000aeb   Thumb Code    72  delay.o(.text)
    uart_init                                0x08000b45   Thumb Code   350  usart.o(.text)
    UsartOutStrIT                            0x08000ca3   Thumb Code    98  usart.o(.text)
    UsartOutStr                              0x08000d05   Thumb Code    44  usart.o(.text)
    UsartOutChar                             0x08000d31   Thumb Code    30  usart.o(.text)
    USART1_IRQHandler                        0x08000d4f   Thumb Code   210  usart.o(.text)
    USART3_IRQHandler                        0x08000e21   Thumb Code   260  usart.o(.text)
    fputc                                    0x08000f25   Thumb Code   174  usart.o(.text)
    GpioInit                                 0x08000fdd   Thumb Code    84  gpio.o(.text)
    FunctionParseGetID                       0x08001039   Thumb Code    82  configmodulenoblock.o(.text)
    FunctionParseConnectMqtt                 0x0800108b   Thumb Code   114  configmodulenoblock.o(.text)
    FunctionParseConnectMqttAck              0x080010fd   Thumb Code    56  configmodulenoblock.o(.text)
    SendConfigFunction                       0x08001135   Thumb Code   120  configmodulenoblock.o(.text)
    FunctionParseCompare                     0x080011ad   Thumb Code    94  configmodulenoblock.o(.text)
    ConfigModuleNoBlock                      0x0800120b   Thumb Code   514  configmodulenoblock.o(.text)
    cStringFree                              0x0800154d   Thumb Code    12  cstring.o(.text)
    StrBetwStringMalloc                      0x08001559   Thumb Code   108  cstring.o(.text)
    cStringRestore                           0x080015c5   Thumb Code    18  cstring.o(.text)
    StrBetwString                            0x080015d7   Thumb Code    86  cstring.o(.text)
    split                                    0x0800162d   Thumb Code    84  cstring.o(.text)
    IWDG_Init                                0x0800168d   Thumb Code    36  iwdg.o(.text)
    IWDG_Feed                                0x080016b1   Thumb Code     8  iwdg.o(.text)
    Timer2_Config                            0x080016b9   Thumb Code   110  timer.o(.text)
    TIM3_Int_Init                            0x08001727   Thumb Code    90  timer.o(.text)
    TIM2_IRQHandler                          0x08001781   Thumb Code    50  timer.o(.text)
    TIM3_IRQHandler                          0x080017b3   Thumb Code   412  timer.o(.text)
    SystemInit                               0x08001a57   Thumb Code    78  system_stm32f10x.o(.text)
    SystemCoreClockUpdate                    0x08001aa5   Thumb Code   142  system_stm32f10x.o(.text)
    NVIC_PriorityGroupConfig                 0x08001b59   Thumb Code    10  misc.o(.text)
    NVIC_Init                                0x08001b63   Thumb Code   100  misc.o(.text)
    NVIC_SetVectorTable                      0x08001bc7   Thumb Code    14  misc.o(.text)
    NVIC_SystemLPConfig                      0x08001bd5   Thumb Code    34  misc.o(.text)
    SysTick_CLKSourceConfig                  0x08001bf7   Thumb Code    40  misc.o(.text)
    RCC_DeInit                               0x08001c35   Thumb Code    64  stm32f10x_rcc.o(.text)
    RCC_HSEConfig                            0x08001c75   Thumb Code    70  stm32f10x_rcc.o(.text)
    RCC_GetFlagStatus                        0x08001cbb   Thumb Code    56  stm32f10x_rcc.o(.text)
    RCC_WaitForHSEStartUp                    0x08001cf3   Thumb Code    56  stm32f10x_rcc.o(.text)
    RCC_AdjustHSICalibrationValue            0x08001d2b   Thumb Code    20  stm32f10x_rcc.o(.text)
    RCC_HSICmd                               0x08001d3f   Thumb Code     6  stm32f10x_rcc.o(.text)
    RCC_PLLConfig                            0x08001d45   Thumb Code    24  stm32f10x_rcc.o(.text)
    RCC_PLLCmd                               0x08001d5d   Thumb Code     6  stm32f10x_rcc.o(.text)
    RCC_SYSCLKConfig                         0x08001d63   Thumb Code    18  stm32f10x_rcc.o(.text)
    RCC_GetSYSCLKSource                      0x08001d75   Thumb Code    10  stm32f10x_rcc.o(.text)
    RCC_HCLKConfig                           0x08001d7f   Thumb Code    18  stm32f10x_rcc.o(.text)
    RCC_PCLK1Config                          0x08001d91   Thumb Code    18  stm32f10x_rcc.o(.text)
    RCC_PCLK2Config                          0x08001da3   Thumb Code    20  stm32f10x_rcc.o(.text)
    RCC_ITConfig                             0x08001db7   Thumb Code    26  stm32f10x_rcc.o(.text)
    RCC_USBCLKConfig                         0x08001dd1   Thumb Code     8  stm32f10x_rcc.o(.text)
    RCC_ADCCLKConfig                         0x08001dd9   Thumb Code    18  stm32f10x_rcc.o(.text)
    RCC_LSEConfig                            0x08001deb   Thumb Code    50  stm32f10x_rcc.o(.text)
    RCC_LSICmd                               0x08001e1d   Thumb Code     6  stm32f10x_rcc.o(.text)
    RCC_RTCCLKConfig                         0x08001e23   Thumb Code    12  stm32f10x_rcc.o(.text)
    RCC_RTCCLKCmd                            0x08001e2f   Thumb Code     8  stm32f10x_rcc.o(.text)
    RCC_GetClocksFreq                        0x08001e37   Thumb Code   192  stm32f10x_rcc.o(.text)
    RCC_AHBPeriphClockCmd                    0x08001ef7   Thumb Code    26  stm32f10x_rcc.o(.text)
    RCC_APB2PeriphClockCmd                   0x08001f11   Thumb Code    26  stm32f10x_rcc.o(.text)
    RCC_APB1PeriphClockCmd                   0x08001f2b   Thumb Code    26  stm32f10x_rcc.o(.text)
    RCC_APB2PeriphResetCmd                   0x08001f45   Thumb Code    26  stm32f10x_rcc.o(.text)
    RCC_APB1PeriphResetCmd                   0x08001f5f   Thumb Code    26  stm32f10x_rcc.o(.text)
    RCC_BackupResetCmd                       0x08001f79   Thumb Code     8  stm32f10x_rcc.o(.text)
    RCC_ClockSecuritySystemCmd               0x08001f81   Thumb Code     6  stm32f10x_rcc.o(.text)
    RCC_MCOConfig                            0x08001f87   Thumb Code     6  stm32f10x_rcc.o(.text)
    RCC_ClearFlag                            0x08001f8d   Thumb Code    14  stm32f10x_rcc.o(.text)
    RCC_GetITStatus                          0x08001f9b   Thumb Code    20  stm32f10x_rcc.o(.text)
    RCC_ClearITPendingBit                    0x08001faf   Thumb Code     6  stm32f10x_rcc.o(.text)
    USART_DeInit                             0x08001fd9   Thumb Code   134  stm32f10x_usart.o(.text)
    USART_Init                               0x0800205f   Thumb Code   210  stm32f10x_usart.o(.text)
    USART_StructInit                         0x08002131   Thumb Code    24  stm32f10x_usart.o(.text)
    USART_ClockInit                          0x08002149   Thumb Code    34  stm32f10x_usart.o(.text)
    USART_ClockStructInit                    0x0800216b   Thumb Code    12  stm32f10x_usart.o(.text)
    USART_Cmd                                0x08002177   Thumb Code    24  stm32f10x_usart.o(.text)
    USART_ITConfig                           0x0800218f   Thumb Code    74  stm32f10x_usart.o(.text)
    USART_DMACmd                             0x080021d9   Thumb Code    18  stm32f10x_usart.o(.text)
    USART_SetAddress                         0x080021eb   Thumb Code    18  stm32f10x_usart.o(.text)
    USART_WakeUpConfig                       0x080021fd   Thumb Code    18  stm32f10x_usart.o(.text)
    USART_ReceiverWakeUpCmd                  0x0800220f   Thumb Code    24  stm32f10x_usart.o(.text)
    USART_LINBreakDetectLengthConfig         0x08002227   Thumb Code    18  stm32f10x_usart.o(.text)
    USART_LINCmd                             0x08002239   Thumb Code    24  stm32f10x_usart.o(.text)
    USART_SendData                           0x08002251   Thumb Code     8  stm32f10x_usart.o(.text)
    USART_ReceiveData                        0x08002259   Thumb Code    10  stm32f10x_usart.o(.text)
    USART_SendBreak                          0x08002263   Thumb Code    10  stm32f10x_usart.o(.text)
    USART_SetGuardTime                       0x0800226d   Thumb Code    16  stm32f10x_usart.o(.text)
    USART_SetPrescaler                       0x0800227d   Thumb Code    16  stm32f10x_usart.o(.text)
    USART_SmartCardCmd                       0x0800228d   Thumb Code    24  stm32f10x_usart.o(.text)
    USART_SmartCardNACKCmd                   0x080022a5   Thumb Code    24  stm32f10x_usart.o(.text)
    USART_HalfDuplexCmd                      0x080022bd   Thumb Code    24  stm32f10x_usart.o(.text)
    USART_OverSampling8Cmd                   0x080022d5   Thumb Code    22  stm32f10x_usart.o(.text)
    USART_OneBitMethodCmd                    0x080022eb   Thumb Code    24  stm32f10x_usart.o(.text)
    USART_IrDAConfig                         0x08002303   Thumb Code    18  stm32f10x_usart.o(.text)
    USART_IrDACmd                            0x08002315   Thumb Code    24  stm32f10x_usart.o(.text)
    USART_GetFlagStatus                      0x0800232d   Thumb Code    26  stm32f10x_usart.o(.text)
    USART_ClearFlag                          0x08002347   Thumb Code    18  stm32f10x_usart.o(.text)
    USART_GetITStatus                        0x08002359   Thumb Code    84  stm32f10x_usart.o(.text)
    USART_ClearITPendingBit                  0x080023ad   Thumb Code    52  stm32f10x_usart.o(.text)
    GPIO_DeInit                              0x080023e1   Thumb Code   172  stm32f10x_gpio.o(.text)
    GPIO_AFIODeInit                          0x0800248d   Thumb Code    20  stm32f10x_gpio.o(.text)
    GPIO_Init                                0x080024a1   Thumb Code   278  stm32f10x_gpio.o(.text)
    GPIO_StructInit                          0x080025b7   Thumb Code    16  stm32f10x_gpio.o(.text)
    GPIO_ReadInputDataBit                    0x080025c7   Thumb Code    18  stm32f10x_gpio.o(.text)
    GPIO_ReadInputData                       0x080025d9   Thumb Code     8  stm32f10x_gpio.o(.text)
    GPIO_ReadOutputDataBit                   0x080025e1   Thumb Code    18  stm32f10x_gpio.o(.text)
    GPIO_ReadOutputData                      0x080025f3   Thumb Code     8  stm32f10x_gpio.o(.text)
    GPIO_SetBits                             0x080025fb   Thumb Code     4  stm32f10x_gpio.o(.text)
    GPIO_ResetBits                           0x080025ff   Thumb Code     4  stm32f10x_gpio.o(.text)
    GPIO_WriteBit                            0x08002603   Thumb Code    10  stm32f10x_gpio.o(.text)
    GPIO_Write                               0x0800260d   Thumb Code     4  stm32f10x_gpio.o(.text)
    GPIO_PinLockConfig                       0x08002611   Thumb Code    18  stm32f10x_gpio.o(.text)
    GPIO_EventOutputConfig                   0x08002623   Thumb Code    26  stm32f10x_gpio.o(.text)
    GPIO_EventOutputCmd                      0x0800263d   Thumb Code     6  stm32f10x_gpio.o(.text)
    GPIO_PinRemapConfig                      0x08002643   Thumb Code   138  stm32f10x_gpio.o(.text)
    GPIO_EXTILineConfig                      0x080026cd   Thumb Code    66  stm32f10x_gpio.o(.text)
    GPIO_ETH_MediaInterfaceConfig            0x0800270f   Thumb Code     8  stm32f10x_gpio.o(.text)
    TIM_DeInit                               0x0800273d   Thumb Code   424  stm32f10x_tim.o(.text)
    TIM_TimeBaseInit                         0x080028e5   Thumb Code   122  stm32f10x_tim.o(.text)
    TIM_OC1Init                              0x0800295f   Thumb Code   132  stm32f10x_tim.o(.text)
    TIM_OC2Init                              0x080029e3   Thumb Code   154  stm32f10x_tim.o(.text)
    TIM_OC3Init                              0x08002a7d   Thumb Code   150  stm32f10x_tim.o(.text)
    TIM_OC4Init                              0x08002b13   Thumb Code   182  stm32f10x_tim.o(.text)
    TIM_SetIC4Prescaler                      0x08002bc9   Thumb Code    26  stm32f10x_tim.o(.text)
    TIM_SetIC3Prescaler                      0x08002c65   Thumb Code    18  stm32f10x_tim.o(.text)
    TIM_SetIC2Prescaler                      0x08002cf1   Thumb Code    26  stm32f10x_tim.o(.text)
    TIM_SetIC1Prescaler                      0x08002d8d   Thumb Code    18  stm32f10x_tim.o(.text)
    TIM_ICInit                               0x08002e0b   Thumb Code   150  stm32f10x_tim.o(.text)
    TIM_PWMIConfig                           0x08002ea1   Thumb Code   124  stm32f10x_tim.o(.text)
    TIM_BDTRConfig                           0x08002f1d   Thumb Code    32  stm32f10x_tim.o(.text)
    TIM_TimeBaseStructInit                   0x08002f3d   Thumb Code    18  stm32f10x_tim.o(.text)
    TIM_OCStructInit                         0x08002f4f   Thumb Code    20  stm32f10x_tim.o(.text)
    TIM_ICStructInit                         0x08002f63   Thumb Code    18  stm32f10x_tim.o(.text)
    TIM_BDTRStructInit                       0x08002f75   Thumb Code    40  stm32f10x_tim.o(.text)
    TIM_Cmd                                  0x08002f9d   Thumb Code    24  stm32f10x_tim.o(.text)
    TIM_CtrlPWMOutputs                       0x08002fb5   Thumb Code    30  stm32f10x_tim.o(.text)
    TIM_ITConfig                             0x08002fd3   Thumb Code    18  stm32f10x_tim.o(.text)
    TIM_GenerateEvent                        0x08002fe5   Thumb Code     4  stm32f10x_tim.o(.text)
    TIM_DMAConfig                            0x08002fe9   Thumb Code    10  stm32f10x_tim.o(.text)
    TIM_DMACmd                               0x08002ff3   Thumb Code    18  stm32f10x_tim.o(.text)
    TIM_InternalClockConfig                  0x08003005   Thumb Code    12  stm32f10x_tim.o(.text)
    TIM_SelectInputTrigger                   0x08003011   Thumb Code    18  stm32f10x_tim.o(.text)
    TIM_ITRxExternalClockConfig              0x08003023   Thumb Code    24  stm32f10x_tim.o(.text)
    TIM_TIxExternalClockConfig               0x0800303b   Thumb Code    62  stm32f10x_tim.o(.text)
    TIM_ETRConfig                            0x08003079   Thumb Code    28  stm32f10x_tim.o(.text)
    TIM_ETRClockMode1Config                  0x08003095   Thumb Code    54  stm32f10x_tim.o(.text)
    TIM_ETRClockMode2Config                  0x080030cb   Thumb Code    32  stm32f10x_tim.o(.text)
    TIM_PrescalerConfig                      0x080030eb   Thumb Code     6  stm32f10x_tim.o(.text)
    TIM_CounterModeConfig                    0x080030f1   Thumb Code    18  stm32f10x_tim.o(.text)
    TIM_EncoderInterfaceConfig               0x08003103   Thumb Code    66  stm32f10x_tim.o(.text)
    TIM_ForcedOC1Config                      0x08003145   Thumb Code    18  stm32f10x_tim.o(.text)
    TIM_ForcedOC2Config                      0x08003157   Thumb Code    26  stm32f10x_tim.o(.text)
    TIM_ForcedOC3Config                      0x08003171   Thumb Code    18  stm32f10x_tim.o(.text)
    TIM_ForcedOC4Config                      0x08003183   Thumb Code    26  stm32f10x_tim.o(.text)
    TIM_ARRPreloadConfig                     0x0800319d   Thumb Code    24  stm32f10x_tim.o(.text)
    TIM_SelectCOM                            0x080031b5   Thumb Code    24  stm32f10x_tim.o(.text)
    TIM_SelectCCDMA                          0x080031cd   Thumb Code    24  stm32f10x_tim.o(.text)
    TIM_CCPreloadControl                     0x080031e5   Thumb Code    24  stm32f10x_tim.o(.text)
    TIM_OC1PreloadConfig                     0x080031fd   Thumb Code    18  stm32f10x_tim.o(.text)
    TIM_OC2PreloadConfig                     0x0800320f   Thumb Code    26  stm32f10x_tim.o(.text)
    TIM_OC3PreloadConfig                     0x08003229   Thumb Code    18  stm32f10x_tim.o(.text)
    TIM_OC4PreloadConfig                     0x0800323b   Thumb Code    26  stm32f10x_tim.o(.text)
    TIM_OC1FastConfig                        0x08003255   Thumb Code    18  stm32f10x_tim.o(.text)
    TIM_OC2FastConfig                        0x08003267   Thumb Code    26  stm32f10x_tim.o(.text)
    TIM_OC3FastConfig                        0x08003281   Thumb Code    18  stm32f10x_tim.o(.text)
    TIM_OC4FastConfig                        0x08003293   Thumb Code    26  stm32f10x_tim.o(.text)
    TIM_ClearOC1Ref                          0x080032ad   Thumb Code    18  stm32f10x_tim.o(.text)
    TIM_ClearOC2Ref                          0x080032bf   Thumb Code    24  stm32f10x_tim.o(.text)
    TIM_ClearOC3Ref                          0x080032d7   Thumb Code    18  stm32f10x_tim.o(.text)
    TIM_ClearOC4Ref                          0x080032e9   Thumb Code    24  stm32f10x_tim.o(.text)
    TIM_OC1PolarityConfig                    0x08003301   Thumb Code    18  stm32f10x_tim.o(.text)
    TIM_OC1NPolarityConfig                   0x08003313   Thumb Code    18  stm32f10x_tim.o(.text)
    TIM_OC2PolarityConfig                    0x08003325   Thumb Code    26  stm32f10x_tim.o(.text)
    TIM_OC2NPolarityConfig                   0x0800333f   Thumb Code    26  stm32f10x_tim.o(.text)
    TIM_OC3PolarityConfig                    0x08003359   Thumb Code    26  stm32f10x_tim.o(.text)
    TIM_OC3NPolarityConfig                   0x08003373   Thumb Code    26  stm32f10x_tim.o(.text)
    TIM_OC4PolarityConfig                    0x0800338d   Thumb Code    26  stm32f10x_tim.o(.text)
    TIM_CCxCmd                               0x080033a7   Thumb Code    30  stm32f10x_tim.o(.text)
    TIM_CCxNCmd                              0x080033c5   Thumb Code    30  stm32f10x_tim.o(.text)
    TIM_SelectOCxM                           0x080033e3   Thumb Code    82  stm32f10x_tim.o(.text)
    TIM_UpdateDisableConfig                  0x08003435   Thumb Code    24  stm32f10x_tim.o(.text)
    TIM_UpdateRequestConfig                  0x0800344d   Thumb Code    24  stm32f10x_tim.o(.text)
    TIM_SelectHallSensor                     0x08003465   Thumb Code    24  stm32f10x_tim.o(.text)
    TIM_SelectOnePulseMode                   0x0800347d   Thumb Code    18  stm32f10x_tim.o(.text)
    TIM_SelectOutputTrigger                  0x0800348f   Thumb Code    18  stm32f10x_tim.o(.text)
    TIM_SelectSlaveMode                      0x080034a1   Thumb Code    18  stm32f10x_tim.o(.text)
    TIM_SelectMasterSlaveMode                0x080034b3   Thumb Code    18  stm32f10x_tim.o(.text)
    TIM_SetCounter                           0x080034c5   Thumb Code     4  stm32f10x_tim.o(.text)
    TIM_SetAutoreload                        0x080034c9   Thumb Code     4  stm32f10x_tim.o(.text)
    TIM_SetCompare1                          0x080034cd   Thumb Code     4  stm32f10x_tim.o(.text)
    TIM_SetCompare2                          0x080034d1   Thumb Code     4  stm32f10x_tim.o(.text)
    TIM_SetCompare3                          0x080034d5   Thumb Code     4  stm32f10x_tim.o(.text)
    TIM_SetCompare4                          0x080034d9   Thumb Code     6  stm32f10x_tim.o(.text)
    TIM_SetClockDivision                     0x080034df   Thumb Code    18  stm32f10x_tim.o(.text)
    TIM_GetCapture1                          0x080034f1   Thumb Code     6  stm32f10x_tim.o(.text)
    TIM_GetCapture2                          0x080034f7   Thumb Code     6  stm32f10x_tim.o(.text)
    TIM_GetCapture3                          0x080034fd   Thumb Code     6  stm32f10x_tim.o(.text)
    TIM_GetCapture4                          0x08003503   Thumb Code     8  stm32f10x_tim.o(.text)
    TIM_GetCounter                           0x0800350b   Thumb Code     6  stm32f10x_tim.o(.text)
    TIM_GetPrescaler                         0x08003511   Thumb Code     6  stm32f10x_tim.o(.text)
    TIM_GetFlagStatus                        0x08003517   Thumb Code    18  stm32f10x_tim.o(.text)
    TIM_ClearFlag                            0x08003529   Thumb Code     6  stm32f10x_tim.o(.text)
    TIM_GetITStatus                          0x0800352f   Thumb Code    34  stm32f10x_tim.o(.text)
    TIM_ClearITPendingBit                    0x08003551   Thumb Code     6  stm32f10x_tim.o(.text)
    IWDG_WriteAccessCmd                      0x08003559   Thumb Code     6  stm32f10x_iwdg.o(.text)
    IWDG_SetPrescaler                        0x0800355f   Thumb Code     6  stm32f10x_iwdg.o(.text)
    IWDG_SetReload                           0x08003565   Thumb Code     6  stm32f10x_iwdg.o(.text)
    IWDG_ReloadCounter                       0x0800356b   Thumb Code    10  stm32f10x_iwdg.o(.text)
    IWDG_Enable                              0x08003575   Thumb Code    10  stm32f10x_iwdg.o(.text)
    IWDG_GetFlagStatus                       0x0800357f   Thumb Code    20  stm32f10x_iwdg.o(.text)
    ADC_DeInit                               0x08003599   Thumb Code    78  stm32f10x_adc.o(.text)
    ADC_Init                                 0x080035e7   Thumb Code    70  stm32f10x_adc.o(.text)
    ADC_StructInit                           0x0800362d   Thumb Code    18  stm32f10x_adc.o(.text)
    ADC_Cmd                                  0x0800363f   Thumb Code    22  stm32f10x_adc.o(.text)
    ADC_DMACmd                               0x08003655   Thumb Code    22  stm32f10x_adc.o(.text)
    ADC_ITConfig                             0x0800366b   Thumb Code    24  stm32f10x_adc.o(.text)
    ADC_ResetCalibration                     0x08003683   Thumb Code    10  stm32f10x_adc.o(.text)
    ADC_GetResetCalibrationStatus            0x0800368d   Thumb Code    20  stm32f10x_adc.o(.text)
    ADC_StartCalibration                     0x080036a1   Thumb Code    10  stm32f10x_adc.o(.text)
    ADC_GetCalibrationStatus                 0x080036ab   Thumb Code    20  stm32f10x_adc.o(.text)
    ADC_SoftwareStartConvCmd                 0x080036bf   Thumb Code    22  stm32f10x_adc.o(.text)
    ADC_GetSoftwareStartConvStatus           0x080036d5   Thumb Code    20  stm32f10x_adc.o(.text)
    ADC_DiscModeChannelCountConfig           0x080036e9   Thumb Code    24  stm32f10x_adc.o(.text)
    ADC_DiscModeCmd                          0x08003701   Thumb Code    22  stm32f10x_adc.o(.text)
    ADC_RegularChannelConfig                 0x08003717   Thumb Code   184  stm32f10x_adc.o(.text)
    ADC_ExternalTrigConvCmd                  0x080037cf   Thumb Code    22  stm32f10x_adc.o(.text)
    ADC_GetConversionValue                   0x080037e5   Thumb Code     8  stm32f10x_adc.o(.text)
    ADC_GetDualModeConversionValue           0x080037ed   Thumb Code     8  stm32f10x_adc.o(.text)
    ADC_AutoInjectedConvCmd                  0x080037f5   Thumb Code    22  stm32f10x_adc.o(.text)
    ADC_InjectedDiscModeCmd                  0x0800380b   Thumb Code    22  stm32f10x_adc.o(.text)
    ADC_ExternalTrigInjectedConvConfig       0x08003821   Thumb Code    16  stm32f10x_adc.o(.text)
    ADC_ExternalTrigInjectedConvCmd          0x08003831   Thumb Code    22  stm32f10x_adc.o(.text)
    ADC_SoftwareStartInjectedConvCmd         0x08003847   Thumb Code    22  stm32f10x_adc.o(.text)
    ADC_GetSoftwareStartInjectedConvCmdStatus 0x0800385d   Thumb Code    20  stm32f10x_adc.o(.text)
    ADC_InjectedChannelConfig                0x08003871   Thumb Code   130  stm32f10x_adc.o(.text)
    ADC_InjectedSequencerLengthConfig        0x080038f3   Thumb Code    24  stm32f10x_adc.o(.text)
    ADC_SetInjectedOffset                    0x0800390b   Thumb Code    20  stm32f10x_adc.o(.text)
    ADC_GetInjectedConversionValue           0x0800391f   Thumb Code    28  stm32f10x_adc.o(.text)
    ADC_AnalogWatchdogCmd                    0x0800393b   Thumb Code    16  stm32f10x_adc.o(.text)
    ADC_AnalogWatchdogThresholdsConfig       0x0800394b   Thumb Code     6  stm32f10x_adc.o(.text)
    ADC_AnalogWatchdogSingleChannelConfig    0x08003951   Thumb Code    16  stm32f10x_adc.o(.text)
    ADC_TempSensorVrefintCmd                 0x08003961   Thumb Code    64  stm32f10x_adc.o(.text)
    ADC_GetFlagStatus                        0x080039a1   Thumb Code    18  stm32f10x_adc.o(.text)
    ADC_ClearFlag                            0x080039b3   Thumb Code     6  stm32f10x_adc.o(.text)
    ADC_GetITStatus                          0x080039b9   Thumb Code    36  stm32f10x_adc.o(.text)
    ADC_ClearITPendingBit                    0x080039dd   Thumb Code    10  stm32f10x_adc.o(.text)
    EXTI_DeInit                              0x080039e9   Thumb Code    28  stm32f10x_exti.o(.text)
    EXTI_Init                                0x08003a05   Thumb Code   142  stm32f10x_exti.o(.text)
    EXTI_StructInit                          0x08003a93   Thumb Code    16  stm32f10x_exti.o(.text)
    EXTI_GenerateSWInterrupt                 0x08003aa3   Thumb Code    16  stm32f10x_exti.o(.text)
    EXTI_GetFlagStatus                       0x08003ab3   Thumb Code    22  stm32f10x_exti.o(.text)
    EXTI_ClearFlag                           0x08003ac9   Thumb Code     8  stm32f10x_exti.o(.text)
    EXTI_GetITStatus                         0x08003ad1   Thumb Code    34  stm32f10x_exti.o(.text)
    EXTI_ClearITPendingBit                   0x08003af3   Thumb Code     8  stm32f10x_exti.o(.text)
    Reset_Handler                            0x08003b05   Thumb Code     8  startup_stm32f10x_hd.o(.text)
    SysTick_Handler                          0x08003b1d   Thumb Code     2  startup_stm32f10x_hd.o(.text)
    ADC1_2_IRQHandler                        0x08003b1f   Thumb Code     0  startup_stm32f10x_hd.o(.text)
    ADC3_IRQHandler                          0x08003b1f   Thumb Code     0  startup_stm32f10x_hd.o(.text)
    CAN1_RX1_IRQHandler                      0x08003b1f   Thumb Code     0  startup_stm32f10x_hd.o(.text)
    CAN1_SCE_IRQHandler                      0x08003b1f   Thumb Code     0  startup_stm32f10x_hd.o(.text)
    DMA1_Channel1_IRQHandler                 0x08003b1f   Thumb Code     0  startup_stm32f10x_hd.o(.text)
    DMA1_Channel2_IRQHandler                 0x08003b1f   Thumb Code     0  startup_stm32f10x_hd.o(.text)
    DMA1_Channel3_IRQHandler                 0x08003b1f   Thumb Code     0  startup_stm32f10x_hd.o(.text)
    DMA1_Channel4_IRQHandler                 0x08003b1f   Thumb Code     0  startup_stm32f10x_hd.o(.text)
    DMA1_Channel5_IRQHandler                 0x08003b1f   Thumb Code     0  startup_stm32f10x_hd.o(.text)
    DMA1_Channel6_IRQHandler                 0x08003b1f   Thumb Code     0  startup_stm32f10x_hd.o(.text)
    DMA1_Channel7_IRQHandler                 0x08003b1f   Thumb Code     0  startup_stm32f10x_hd.o(.text)
    DMA2_Channel1_IRQHandler                 0x08003b1f   Thumb Code     0  startup_stm32f10x_hd.o(.text)
    DMA2_Channel2_IRQHandler                 0x08003b1f   Thumb Code     0  startup_stm32f10x_hd.o(.text)
    DMA2_Channel3_IRQHandler                 0x08003b1f   Thumb Code     0  startup_stm32f10x_hd.o(.text)
    DMA2_Channel4_5_IRQHandler               0x08003b1f   Thumb Code     0  startup_stm32f10x_hd.o(.text)
    EXTI0_IRQHandler                         0x08003b1f   Thumb Code     0  startup_stm32f10x_hd.o(.text)
    EXTI15_10_IRQHandler                     0x08003b1f   Thumb Code     0  startup_stm32f10x_hd.o(.text)
    EXTI2_IRQHandler                         0x08003b1f   Thumb Code     0  startup_stm32f10x_hd.o(.text)
    EXTI3_IRQHandler                         0x08003b1f   Thumb Code     0  startup_stm32f10x_hd.o(.text)
    EXTI4_IRQHandler                         0x08003b1f   Thumb Code     0  startup_stm32f10x_hd.o(.text)
    EXTI9_5_IRQHandler                       0x08003b1f   Thumb Code     0  startup_stm32f10x_hd.o(.text)
    FLASH_IRQHandler                         0x08003b1f   Thumb Code     0  startup_stm32f10x_hd.o(.text)
    FSMC_IRQHandler                          0x08003b1f   Thumb Code     0  startup_stm32f10x_hd.o(.text)
    I2C1_ER_IRQHandler                       0x08003b1f   Thumb Code     0  startup_stm32f10x_hd.o(.text)
    I2C1_EV_IRQHandler                       0x08003b1f   Thumb Code     0  startup_stm32f10x_hd.o(.text)
    I2C2_ER_IRQHandler                       0x08003b1f   Thumb Code     0  startup_stm32f10x_hd.o(.text)
    I2C2_EV_IRQHandler                       0x08003b1f   Thumb Code     0  startup_stm32f10x_hd.o(.text)
    PVD_IRQHandler                           0x08003b1f   Thumb Code     0  startup_stm32f10x_hd.o(.text)
    RCC_IRQHandler                           0x08003b1f   Thumb Code     0  startup_stm32f10x_hd.o(.text)
    RTCAlarm_IRQHandler                      0x08003b1f   Thumb Code     0  startup_stm32f10x_hd.o(.text)
    RTC_IRQHandler                           0x08003b1f   Thumb Code     0  startup_stm32f10x_hd.o(.text)
    SDIO_IRQHandler                          0x08003b1f   Thumb Code     0  startup_stm32f10x_hd.o(.text)
    SPI1_IRQHandler                          0x08003b1f   Thumb Code     0  startup_stm32f10x_hd.o(.text)
    SPI2_IRQHandler                          0x08003b1f   Thumb Code     0  startup_stm32f10x_hd.o(.text)
    SPI3_IRQHandler                          0x08003b1f   Thumb Code     0  startup_stm32f10x_hd.o(.text)
    TAMPER_IRQHandler                        0x08003b1f   Thumb Code     0  startup_stm32f10x_hd.o(.text)
    TIM1_BRK_IRQHandler                      0x08003b1f   Thumb Code     0  startup_stm32f10x_hd.o(.text)
    TIM1_CC_IRQHandler                       0x08003b1f   Thumb Code     0  startup_stm32f10x_hd.o(.text)
    TIM1_TRG_COM_IRQHandler                  0x08003b1f   Thumb Code     0  startup_stm32f10x_hd.o(.text)
    TIM1_UP_IRQHandler                       0x08003b1f   Thumb Code     0  startup_stm32f10x_hd.o(.text)
    TIM4_IRQHandler                          0x08003b1f   Thumb Code     0  startup_stm32f10x_hd.o(.text)
    TIM5_IRQHandler                          0x08003b1f   Thumb Code     0  startup_stm32f10x_hd.o(.text)
    TIM6_IRQHandler                          0x08003b1f   Thumb Code     0  startup_stm32f10x_hd.o(.text)
    TIM7_IRQHandler                          0x08003b1f   Thumb Code     0  startup_stm32f10x_hd.o(.text)
    TIM8_BRK_IRQHandler                      0x08003b1f   Thumb Code     0  startup_stm32f10x_hd.o(.text)
    TIM8_CC_IRQHandler                       0x08003b1f   Thumb Code     0  startup_stm32f10x_hd.o(.text)
    TIM8_TRG_COM_IRQHandler                  0x08003b1f   Thumb Code     0  startup_stm32f10x_hd.o(.text)
    TIM8_UP_IRQHandler                       0x08003b1f   Thumb Code     0  startup_stm32f10x_hd.o(.text)
    UART4_IRQHandler                         0x08003b1f   Thumb Code     0  startup_stm32f10x_hd.o(.text)
    USBWakeUp_IRQHandler                     0x08003b1f   Thumb Code     0  startup_stm32f10x_hd.o(.text)
    USB_HP_CAN1_TX_IRQHandler                0x08003b1f   Thumb Code     0  startup_stm32f10x_hd.o(.text)
    USB_LP_CAN1_RX0_IRQHandler               0x08003b1f   Thumb Code     0  startup_stm32f10x_hd.o(.text)
    WWDG_IRQHandler                          0x08003b1f   Thumb Code     0  startup_stm32f10x_hd.o(.text)
    mqtt_send_function                       0x08003b29   Thumb Code   208  mqtt.o(.text)
    mqtt_keep_alive_init                     0x08003bf9   Thumb Code    12  mqtt.o(.text)
    mqtt_read_function                       0x08003c05   Thumb Code   458  mqtt.o(.text)
    mqtt_time_data                           0x08003dcf   Thumb Code   102  mqtt.o(.text)
    mqtt_into_buff                           0x08003e35   Thumb Code    44  mqtt.o(.text)
    mqtt_ping                                0x08003e61   Thumb Code    78  mqtt.o(.text)
    mqtt_keep_alive                          0x08003eaf   Thumb Code    42  mqtt.o(.text)
    mqtt_init                                0x08003ed9   Thumb Code    48  mqtt.o(.text)
    mqtt_connect                             0x08003f09   Thumb Code    26  mqtt.o(.text)
    mqtt_connect_ack                         0x08003f23   Thumb Code    28  mqtt.o(.text)
    mqtt_connect_reg                         0x08003f3f   Thumb Code     6  mqtt.o(.text)
    mqtt_disconnect_reg                      0x08003f45   Thumb Code     6  mqtt.o(.text)
    mqtt_received_reg                        0x08003f4b   Thumb Code     6  mqtt.o(.text)
    mqtt_subscribe                           0x08003f51   Thumb Code    56  mqtt.o(.text)
    mqtt_publish                             0x08003f89   Thumb Code    72  mqtt.o(.text)
    mqtt_get_type                            0x08003fd1   Thumb Code     8  mqtt_msg.o(.text)
    mqtt_get_connect_ret_code                0x08003fd9   Thumb Code     6  mqtt_msg.o(.text)
    mqtt_get_qos                             0x08003fdf   Thumb Code    10  mqtt_msg.o(.text)
    append_string                            0x08003fe9   Thumb Code    74  mqtt_msg.o(.text)
    append_message_id                        0x08004033   Thumb Code    58  mqtt_msg.o(.text)
    fini_message                             0x0800406d   Thumb Code   146  mqtt_msg.o(.text)
    mqtt_get_id                              0x080040ff   Thumb Code   180  mqtt_msg.o(.text)
    mqtt_get_total_length                    0x080041b3   Thumb Code    52  mqtt_msg.o(.text)
    mqtt_msg_connect                         0x080041e7   Thumb Code   372  mqtt_msg.o(.text)
    mqtt_msg_connect_ack                     0x0800435b   Thumb Code    28  mqtt_msg.o(.text)
    mqtt_msg_disconnect                      0x08004377   Thumb Code    32  mqtt_msg.o(.text)
    mqtt_msg_subscribe_topic                 0x08004397   Thumb Code   150  mqtt_msg.o(.text)
    mqtt_msg_subscribe_ack                   0x0800442d   Thumb Code    44  mqtt_msg.o(.text)
    mqtt_msg_publish                         0x08004459   Thumb Code   158  mqtt_msg.o(.text)
    mqtt_msg_puback                          0x080044f7   Thumb Code    58  mqtt_msg.o(.text)
    mqtt_msg_pubrec                          0x08004531   Thumb Code    58  mqtt_msg.o(.text)
    mqtt_msg_pubrel                          0x0800456b   Thumb Code    60  mqtt_msg.o(.text)
    mqtt_msg_pubcomp                         0x080045a7   Thumb Code    58  mqtt_msg.o(.text)
    mqtt_get_publish_topic                   0x080045e1   Thumb Code    98  mqtt_msg.o(.text)
    mqtt_get_publish_data                    0x08004643   Thumb Code   142  mqtt_msg.o(.text)
    mqtt_msg_pingresp                        0x080046d1   Thumb Code    32  mqtt_msg.o(.text)
    mqtt_msg_pingreq                         0x080046f1   Thumb Code    32  mqtt_msg.o(.text)
    BufferManageCreate                       0x08004715   Thumb Code    64  buffermanage.o(.text)
    BufferManageWrite                        0x08004755   Thumb Code    84  buffermanage.o(.text)
    BufferManageRead                         0x080047a9   Thumb Code    64  buffermanage.o(.text)
    rbCreate                                 0x080047e9   Thumb Code    34  looplist.o(.text)
    rbDelete                                 0x0800480b   Thumb Code    28  looplist.o(.text)
    rbCapacity                               0x08004827   Thumb Code    22  looplist.o(.text)
    rbCanRead                                0x0800483d   Thumb Code    62  looplist.o(.text)
    rbCanWrite                               0x0800487b   Thumb Code    36  looplist.o(.text)
    rbRead                                   0x0800489f   Thumb Code   174  looplist.o(.text)
    rbWrite                                  0x0800494d   Thumb Code   176  looplist.o(.text)
    PutData                                  0x080049fd   Thumb Code    58  looplist.o(.text)
    SHT2x_SoftReset                          0x08004af5   Thumb Code    40  sht20.o(.text)
    SHT2x_Init                               0x08004b1d   Thumb Code    16  sht20.o(.text)
    SHT2x_GetTempPoll                        0x08004b2d   Thumb Code   172  sht20.o(.text)
    SHT2x_GetHumiPoll                        0x08004bd9   Thumb Code   172  sht20.o(.text)
    LOCK_Init                                0x08004ca1   Thumb Code    74  lock.o(.text)
    light_color                              0x08004ceb   Thumb Code   108  lock.o(.text)
    MAX31865_Init                            0x08004d65   Thumb Code   124  max31865.o(.text)
    MAX31865_Write                           0x08004de1   Thumb Code   190  max31865.o(.text)
    MAX31865_Read                            0x08004e9f   Thumb Code   182  max31865.o(.text)
    MAX31865_Cfg                             0x08004f55   Thumb Code    24  max31865.o(.text)
    MAX31865_GetTemp                         0x08004f6d   Thumb Code   658  max31865.o(.text)
    USART2_IRQHandler                        0x08005209   Thumb Code   160  usart2.o(.text)
    Send_Data_To_UART2                       0x080052a9   Thumb Code    22  usart2.o(.text)
    Usart2_Init                              0x080052bf   Thumb Code   160  usart2.o(.text)
    Adc_Init                                 0x0800537d   Thumb Code   132  adc.o(.text)
    Get_Adc                                  0x08005401   Thumb Code    46  adc.o(.text)
    Get_Adc_Average                          0x0800542f   Thumb Code    46  adc.o(.text)
    MPU_Write_Byte                           0x08005465   Thumb Code    68  mpu6050.o(.text)
    MPU_Set_LPF                              0x080054a9   Thumb Code    58  mpu6050.o(.text)
    MPU_Set_Rate                             0x080054e3   Thumb Code    58  mpu6050.o(.text)
    MPU_Read_Byte                            0x0800551d   Thumb Code    58  mpu6050.o(.text)
    MPU_Set_Accel_Fsr                        0x08005557   Thumb Code    16  mpu6050.o(.text)
    MPU_Set_Gyro_Fsr                         0x08005567   Thumb Code    16  mpu6050.o(.text)
    MPU_Init                                 0x08005577   Thumb Code   180  mpu6050.o(.text)
    MPU_Read_Len                             0x0800562b   Thumb Code   116  mpu6050.o(.text)
    MPU_Get_Temperature                      0x0800569f   Thumb Code    86  mpu6050.o(.text)
    MPU_Get_Gyroscope                        0x080056f5   Thumb Code    80  mpu6050.o(.text)
    MPU_Get_Accelerometer                    0x08005745   Thumb Code    80  mpu6050.o(.text)
    MPU_Write_Len                            0x08005795   Thumb Code    96  mpu6050.o(.text)
    MPU_IIC_Delay                            0x08005811   Thumb Code    10  mpuiic.o(.text)
    MPU_IIC_Init                             0x0800581b   Thumb Code    46  mpuiic.o(.text)
    MPU_IIC_Start                            0x08005849   Thumb Code    60  mpuiic.o(.text)
    MPU_IIC_Stop                             0x08005885   Thumb Code    62  mpuiic.o(.text)
    MPU_IIC_Wait_Ack                         0x080058c3   Thumb Code    86  mpuiic.o(.text)
    MPU_IIC_Ack                              0x08005919   Thumb Code    66  mpuiic.o(.text)
    MPU_IIC_NAck                             0x0800595b   Thumb Code    66  mpuiic.o(.text)
    MPU_IIC_Send_Byte                        0x0800599d   Thumb Code    82  mpuiic.o(.text)
    MPU_IIC_Read_Byte                        0x080059ef   Thumb Code    96  mpuiic.o(.text)
    IIC_Init                                 0x08005a5d   Thumb Code    46  myiic.o(.text)
    IIC_Start                                0x08005a8b   Thumb Code    64  myiic.o(.text)
    IIC_Stop                                 0x08005acb   Thumb Code    66  myiic.o(.text)
    IIC_Wait_Ack                             0x08005b0d   Thumb Code    86  myiic.o(.text)
    IIC_Ack                                  0x08005b63   Thumb Code    70  myiic.o(.text)
    IIC_NAck                                 0x08005ba9   Thumb Code    70  myiic.o(.text)
    IIC_Send_Byte                            0x08005bef   Thumb Code   104  myiic.o(.text)
    IIC_Read_Byte                            0x08005c57   Thumb Code   100  myiic.o(.text)
    uart5_init                               0x08005cc9   Thumb Code   160  uart5.o(.text)
    UART5_Send_Byte                          0x08005d69   Thumb Code    28  uart5.o(.text)
    UART5_Send_String                        0x08005d85   Thumb Code    22  uart5.o(.text)
    uart5_recByte                            0x08005d9b   Thumb Code    44  uart5.o(.text)
    UART5_IRQHandler                         0x08005dc7   Thumb Code    26  uart5.o(.text)
    WK_RstInit                               0x08005ded   Thumb Code    62  wk2xxx_uart.o(.text)
    WkWriteGReg                              0x08005e2b   Thumb Code    22  wk2xxx_uart.o(.text)
    WkReadGReg                               0x08005e41   Thumb Code    24  wk2xxx_uart.o(.text)
    WkWriteSReg                              0x08005e59   Thumb Code    38  wk2xxx_uart.o(.text)
    WkReadSReg                               0x08005e7f   Thumb Code    38  wk2xxx_uart.o(.text)
    WkWriteSFifo                             0x08005ea5   Thumb Code    54  wk2xxx_uart.o(.text)
    WkReadSFifo                              0x08005edb   Thumb Code    54  wk2xxx_uart.o(.text)
    Wk_BaudAdaptive                          0x08005f11   Thumb Code    58  wk2xxx_uart.o(.text)
    Wk_Init                                  0x08005f4b   Thumb Code   192  wk2xxx_uart.o(.text)
    Wk_DeInit                                0x0800600b   Thumb Code    86  wk2xxx_uart.o(.text)
    Wk_SetBaud                               0x08006061   Thumb Code   256  wk2xxx_uart.o(.text)
    wk_TxLen                                 0x08006161   Thumb Code    46  wk2xxx_uart.o(.text)
    wk_TxChars                               0x0800618f   Thumb Code    46  wk2xxx_uart.o(.text)
    wk_RxChars                               0x080061bd   Thumb Code   134  wk2xxx_uart.o(.text)
    EXTIX_Init                               0x08006245   Thumb Code    66  exti.o(.text)
    Exti_Enable                              0x08006287   Thumb Code    26  exti.o(.text)
    Exti_Disable                             0x080062a1   Thumb Code    26  exti.o(.text)
    EXTI1_IRQHandler                         0x080062bb   Thumb Code   200  exti.o(.text)
    __aeabi_memcpy                           0x0800639d   Thumb Code    36  memcpya.o(.text)
    __aeabi_memcpy4                          0x0800639d   Thumb Code     0  memcpya.o(.text)
    __aeabi_memcpy8                          0x0800639d   Thumb Code     0  memcpya.o(.text)
    __aeabi_memset                           0x080063c1   Thumb Code    14  memseta.o(.text)
    __aeabi_memset4                          0x080063c1   Thumb Code     0  memseta.o(.text)
    __aeabi_memset8                          0x080063c1   Thumb Code     0  memseta.o(.text)
    __aeabi_memclr                           0x080063cf   Thumb Code     4  memseta.o(.text)
    __aeabi_memclr4                          0x080063cf   Thumb Code     0  memseta.o(.text)
    __aeabi_memclr8                          0x080063cf   Thumb Code     0  memseta.o(.text)
    _memset$wrapper                          0x080063d3   Thumb Code    18  memseta.o(.text)
    strstr                                   0x080063e5   Thumb Code    36  strstr.o(.text)
    strlen                                   0x08006409   Thumb Code    14  strlen.o(.text)
    strtok                                   0x08006419   Thumb Code    62  strtok.o(.text)
    __aeabi_fadd                             0x0800645d   Thumb Code   164  fadd.o(.text)
    __aeabi_fsub                             0x08006501   Thumb Code     6  fadd.o(.text)
    __aeabi_frsub                            0x08006507   Thumb Code     6  fadd.o(.text)
    __aeabi_fmul                             0x0800650d   Thumb Code   100  fmul.o(.text)
    __aeabi_fdiv                             0x08006571   Thumb Code   124  fdiv.o(.text)
    __aeabi_dadd                             0x080065ed   Thumb Code   322  dadd.o(.text)
    __aeabi_dsub                             0x0800672f   Thumb Code     6  dadd.o(.text)
    __aeabi_drsub                            0x08006735   Thumb Code     6  dadd.o(.text)
    __aeabi_dmul                             0x0800673b   Thumb Code   228  dmul.o(.text)
    __aeabi_ddiv                             0x0800681f   Thumb Code   222  ddiv.o(.text)
    __aeabi_ui2f                             0x080068fd   Thumb Code    10  ffltui.o(.text)
    __aeabi_i2d                              0x08006907   Thumb Code    34  dflti.o(.text)
    __aeabi_f2iz                             0x08006929   Thumb Code    50  ffixi.o(.text)
    __aeabi_f2d                              0x0800695b   Thumb Code    38  f2d.o(.text)
    __aeabi_cdrcmple                         0x08006981   Thumb Code    48  cdrcmple.o(.text)
    __aeabi_d2f                              0x080069b1   Thumb Code    56  d2f.o(.text)
    __aeabi_cfrcmple                         0x080069e9   Thumb Code    20  cfrcmple.o(.text)
    __aeabi_uidiv                            0x080069fd   Thumb Code     0  uidiv.o(.text)
    __aeabi_uidivmod                         0x080069fd   Thumb Code    44  uidiv.o(.text)
    __aeabi_uldivmod                         0x08006a29   Thumb Code    98  uldiv.o(.text)
    __aeabi_llsl                             0x08006a8b   Thumb Code    30  llshl.o(.text)
    _ll_shift_l                              0x08006a8b   Thumb Code     0  llshl.o(.text)
    __aeabi_lasr                             0x08006aa9   Thumb Code    36  llsshr.o(.text)
    _ll_sshift_r                             0x08006aa9   Thumb Code     0  llsshr.o(.text)
    __I$use$fp                               0x08006acd   Thumb Code     0  iusefp.o(.text)
    _float_round                             0x08006acd   Thumb Code    18  fepilogue.o(.text)
    _float_epilogue                          0x08006adf   Thumb Code    92  fepilogue.o(.text)
    _double_round                            0x08006b3b   Thumb Code    30  depilogue.o(.text)
    _double_epilogue                         0x08006b59   Thumb Code   156  depilogue.o(.text)
    _dsqrt                                   0x08006bf5   Thumb Code   162  dsqrt.o(.text)
    __aeabi_d2ulz                            0x08006c97   Thumb Code    48  dfixul.o(.text)
    __scatterload                            0x08006cc9   Thumb Code    28  init.o(.text)
    __scatterload_rt2                        0x08006cc9   Thumb Code     0  init.o(.text)
    __aeabi_llsr                             0x08006ced   Thumb Code    32  llushr.o(.text)
    _ll_ushift_r                             0x08006ced   Thumb Code     0  llushr.o(.text)
    __decompress                             0x08006d0d   Thumb Code     0  __dczerorl2.o(.text)
    __decompress1                            0x08006d0d   Thumb Code    86  __dczerorl2.o(.text)
    __0printf                                0x08006d65   Thumb Code    22  printfa.o(i.__0printf)
    __1printf                                0x08006d65   Thumb Code     0  printfa.o(i.__0printf)
    __2printf                                0x08006d65   Thumb Code     0  printfa.o(i.__0printf)
    __c89printf                              0x08006d65   Thumb Code     0  printfa.o(i.__0printf)
    printf                                   0x08006d65   Thumb Code     0  printfa.o(i.__0printf)
    __0sprintf                               0x08006d85   Thumb Code    34  printfa.o(i.__0sprintf)
    __1sprintf                               0x08006d85   Thumb Code     0  printfa.o(i.__0sprintf)
    __2sprintf                               0x08006d85   Thumb Code     0  printfa.o(i.__0sprintf)
    __c89sprintf                             0x08006d85   Thumb Code     0  printfa.o(i.__0sprintf)
    sprintf                                  0x08006d85   Thumb Code     0  printfa.o(i.__0sprintf)
    __scatterload_copy                       0x08006dad   Thumb Code    14  handlers.o(i.__scatterload_copy)
    __scatterload_null                       0x08006dbb   Thumb Code     2  handlers.o(i.__scatterload_null)
    __scatterload_zeroinit                   0x08006dbd   Thumb Code    14  handlers.o(i.__scatterload_zeroinit)
    __set_errno                              0x08006dcd   Thumb Code     6  errno.o(i.__set_errno)
    free                                     0x0800766d   Thumb Code    76  malloc.o(i.free)
    malloc                                   0x080076bd   Thumb Code    92  malloc.o(i.malloc)
    sqrt                                     0x08007729   Thumb Code    76  sqrt.o(i.sqrt)
    Region$$Table$$Base                      0x08007830   Number         0  anon$$obj.o(Region$$Table)
    Region$$Table$$Limit                     0x08007850   Number         0  anon$$obj.o(Region$$Table)
    MainString                               0x20000000   Data           4  main.o(.data)
    MainLen                                  0x20000004   Data           4  main.o(.data)
    RelayState                               0x20000008   Data           1  main.o(.data)
    HartState                                0x20000009   Data           1  main.o(.data)
    LockState                                0x2000000a   Data           1  main.o(.data)
    QuiltState                               0x2000000b   Data           1  main.o(.data)
    PosState                                 0x2000000c   Data           1  main.o(.data)
    IP                                       0x2000000d   Data          55  main.o(.data)
    Port                                     0x20000044   Data           7  main.o(.data)
    MQTTUserName                             0x2000004b   Data          20  main.o(.data)
    MQTTPassWord                             0x2000005f   Data          50  main.o(.data)
    MQTTkeepAlive                            0x20000091   Data           1  main.o(.data)
    MQTTWillMessage                          0x20000092   Data          50  main.o(.data)
    MQTTWillQos                              0x200000c4   Data           1  main.o(.data)
    MQTTWillRetained                         0x200000c5   Data           1  main.o(.data)
    MY1PublishTopic                          0x200000c6   Data          30  main.o(.data)
    MY2PublishTopic                          0x200000e4   Data          30  main.o(.data)
    MY1SubscribeTopic                        0x20000102   Data          30  main.o(.data)
    MY2SubscribeTopic                        0x20000120   Data          30  main.o(.data)
    PZEM                                     0x2000013e   Data           8  main.o(.data)
    Usart3SendData                           0x2000014c   Data           4  usart.o(.data)
    Usart1ReadCnt                            0x20000150   Data           4  usart.o(.data)
    Usart1SendBits                           0x20000154   Data           1  usart.o(.data)
    Usart1SendData                           0x20000158   Data           4  usart.o(.data)
    Usart1SendDataCnt                        0x2000015c   Data           4  usart.o(.data)
    Usart3ReadCnt                            0x20000160   Data           4  usart.o(.data)
    Usart3SendDataCnt                        0x20000164   Data           4  usart.o(.data)
    ConfigConnectDispose                     0x2000016c   Data           4  configmodulenoblock.o(.data)
    ConfigModuleNoBlockTimerCnt              0x20000170   Data           4  configmodulenoblock.o(.data)
    ConfigModuleNoBlockCaseValue             0x20000174   Data           4  configmodulenoblock.o(.data)
    ConfigModuleNoBlockFlage                 0x20000178   Data           1  configmodulenoblock.o(.data)
    CompareValue                             0x2000017c   Data           4  configmodulenoblock.o(.data)
    SendNextDelay                            0x20000180   Data           4  configmodulenoblock.o(.data)
    Cnt                                      0x20000184   Data           4  configmodulenoblock.o(.data)
    DataReturnFlage                          0x20000188   Data           1  configmodulenoblock.o(.data)
    StringStr                                0x2000018c   Data           4  cstring.o(.data)
    StrStop                                  0x20000190   Data           4  cstring.o(.data)
    StringValue                              0x20000194   Data           1  cstring.o(.data)
    LedDelay                                 0x20000198   Data           4  timer.o(.data)
    count_led                                0x2000019c   Data           1  timer.o(.data)
    count_heat                               0x2000019d   Data           1  timer.o(.data)
    xuan                                     0x2000019e   Data           1  timer.o(.data)
    DHT11Data                                0x200001a0   Data           4  dht11.o(.data)
    GatherRrrorCnt                           0x200001a4   Data           1  dht11.o(.data)
    LastT                                    0x200001a5   Data           1  dht11.o(.data)
    LastR                                    0x200001a6   Data           1  dht11.o(.data)
    RendTHCnt                                0x200001a8   Data           4  dht11.o(.data)
    SystemCoreClock                          0x200001ac   Data           4  system_stm32f10x.o(.data)
    AHBPrescTable                            0x200001b0   Data          16  system_stm32f10x.o(.data)
    mqtt_message_id                          0x200001d4   Data           2  mqtt_msg.o(.data)
    rxempty                                  0x200001d8   Data           1  usart2.o(.data)
    rxcnt                                    0x200001d9   Data           1  usart2.o(.data)
    rxflag                                   0x200001da   Data           1  usart2.o(.data)
    waitflag                                 0x200001db   Data           1  usart2.o(.data)
    length_val                               0x200001dc   Data           2  usart2.o(.data)
    timeout                                  0x200001e0   Data           4  usart2.o(.data)
    EXTI_InitStructure                       0x200001e4   Data           8  exti.o(.data)
    NVIC_InitStructure                       0x200001ec   Data           4  exti.o(.data)
    AC_Voltage                               0x200001f0   Data           4  exti.o(.data)
    AC_Current                               0x200001f4   Data           4  exti.o(.data)
    __stdout                                 0x200001fc   Data           4  stdout.o(.data)
    __microlib_freelist                      0x20000200   Data           4  mvars.o(.data)
    __microlib_freelist_initialised          0x20000204   Data           4  mvars.o(.data)
    MainBuffer                               0x2000020c   Data         200  main.o(.bss)
    table1                                   0x200002d4   Data          20  main.o(.bss)
    table2                                   0x200002e8   Data          20  main.o(.bss)
    table3                                   0x200002fc   Data          20  main.o(.bss)
    MQTTid                                   0x20000310   Data          50  main.o(.bss)
    MQTTPublishTopic                         0x20000342   Data          30  main.o(.bss)
    MQTTSubscribeTopic                       0x20000360   Data          30  main.o(.bss)
    buff_manage_struct_usart1_read           0x20000380   Data          60  usart.o(.bss)
    rb_t_usart1_send                         0x200003bc   Data          16  usart.o(.bss)
    Usart1ReadBufferMemory                   0x200003cc   Data        1024  usart.o(.bss)
    Usart1ReadBufferMemoryManage             0x200007cc   Data         200  usart.o(.bss)
    Usart1ReadBufferMemoryCopy               0x20000894   Data         512  usart.o(.bss)
    Usart1LoopListSendBuff                   0x20000a94   Data        1024  usart.o(.bss)
    buff_manage_struct_usart3_read           0x20000e94   Data          60  usart.o(.bss)
    Usart3BufferMemory                       0x20000ed0   Data        1024  usart.o(.bss)
    Usart3BufferMemoryCopy                   0x200012d0   Data         512  usart.o(.bss)
    Usart3BufferMemoryManage                 0x200014d0   Data         200  usart.o(.bss)
    Usart1ReadBuff                           0x20001598   Data         512  usart.o(.bss)
    Usart3ReadBuff                           0x20001798   Data         512  usart.o(.bss)
    Usart3ufferMemoryManage                  0x20001998   Data         200  usart.o(.bss)
    HopeReturnData1                          0x20001a60   Data          20  configmodulenoblock.o(.bss)
    HopeReturnData2                          0x20001a74   Data          20  configmodulenoblock.o(.bss)
    mymqtt                                   0x20001a88   Data        2232  mqtt.o(.bss)
    rxbuf                                    0x20002340   Data          16  usart2.o(.bss)
    __heap_base                              0x20002350   Data           0  startup_stm32f10x_hd.o(HEAP)
    __heap_limit                             0x20002550   Data           0  startup_stm32f10x_hd.o(HEAP)
    __initial_sp                             0x20002950   Data           0  startup_stm32f10x_hd.o(STACK)



==============================================================================

Memory Map of the image

  Image Entry point : 0x08000131

  Load Region LR_IROM1 (Base: 0x08000000, Size: 0x00007a5c, Max: 0x00080000, ABSOLUTE, COMPRESSED[0x000078d8])

    Execution Region ER_IROM1 (Exec base: 0x08000000, Load base: 0x08000000, Size: 0x00007850, Max: 0x00080000, ABSOLUTE)

    Exec Addr    Load Addr    Size         Type   Attr      Idx    E Section Name        Object

    0x08000000   0x08000000   0x00000130   Data   RO          524    RESET               startup_stm32f10x_hd.o
    0x08000130   0x08000130   0x00000000   Code   RO          753  * .ARM.Collect$$$$00000000  mc_w.l(entry.o)
    0x08000130   0x08000130   0x00000004   Code   RO         1087    .ARM.Collect$$$$00000001  mc_w.l(entry2.o)
    0x08000134   0x08000134   0x00000004   Code   RO         1090    .ARM.Collect$$$$00000004  mc_w.l(entry5.o)
    0x08000138   0x08000138   0x00000000   Code   RO         1092    .ARM.Collect$$$$00000008  mc_w.l(entry7b.o)
    0x08000138   0x08000138   0x00000000   Code   RO         1094    .ARM.Collect$$$$0000000A  mc_w.l(entry8b.o)
    0x08000138   0x08000138   0x00000008   Code   RO         1095    .ARM.Collect$$$$0000000B  mc_w.l(entry9a.o)
    0x08000140   0x08000140   0x00000004   Code   RO         1102    .ARM.Collect$$$$0000000E  mc_w.l(entry12b.o)
    0x08000144   0x08000144   0x00000000   Code   RO         1097    .ARM.Collect$$$$0000000F  mc_w.l(entry10a.o)
    0x08000144   0x08000144   0x00000000   Code   RO         1099    .ARM.Collect$$$$00000011  mc_w.l(entry11a.o)
    0x08000144   0x08000144   0x00000004   Code   RO         1088    .ARM.Collect$$$$00002712  mc_w.l(entry2.o)
    0x08000148   0x08000148   0x00000040   Code   RO            1    .text               stm32f10x_it.o
    0x08000188   0x08000188   0x000008b4   Code   RO          104    .text               main.o
    0x08000a3c   0x08000a3c   0x00000034   Code   RO          216    .text               system.o
    0x08000a70   0x08000a70   0x000000d4   Code   RO          228    .text               delay.o
    0x08000b44   0x08000b44   0x00000498   Code   RO          245    .text               usart.o
    0x08000fdc   0x08000fdc   0x0000005c   Code   RO          264    .text               gpio.o
    0x08001038   0x08001038   0x00000514   Code   RO          276    .text               configmodulenoblock.o
    0x0800154c   0x0800154c   0x00000140   Code   RO          302    .text               cstring.o
    0x0800168c   0x0800168c   0x0000002c   Code   RO          323    .text               iwdg.o
    0x080016b8   0x080016b8   0x000002c0   Code   RO          338    .text               timer.o
    0x08001978   0x08001978   0x000001e0   Code   RO          394    .text               system_stm32f10x.o
    0x08001b58   0x08001b58   0x000000dc   Code   RO          412    .text               misc.o
    0x08001c34   0x08001c34   0x000003a4   Code   RO          424    .text               stm32f10x_rcc.o
    0x08001fd8   0x08001fd8   0x00000408   Code   RO          438    .text               stm32f10x_usart.o
    0x080023e0   0x080023e0   0x0000035c   Code   RO          462    .text               stm32f10x_gpio.o
    0x0800273c   0x0800273c   0x00000e1a   Code   RO          474    .text               stm32f10x_tim.o
    0x08003556   0x08003556   0x00000002   PAD
    0x08003558   0x08003558   0x00000040   Code   RO          486    .text               stm32f10x_iwdg.o
    0x08003598   0x08003598   0x0000044e   Code   RO          498    .text               stm32f10x_adc.o
    0x080039e6   0x080039e6   0x00000002   PAD
    0x080039e8   0x080039e8   0x0000011c   Code   RO          510    .text               stm32f10x_exti.o
    0x08003b04   0x08003b04   0x00000024   Code   RO          525    .text               startup_stm32f10x_hd.o
    0x08003b28   0x08003b28   0x000004a8   Code   RO          529    .text               mqtt.o
    0x08003fd0   0x08003fd0   0x00000744   Code   RO          547    .text               mqtt_msg.o
    0x08004714   0x08004714   0x000000d4   Code   RO          565    .text               buffermanage.o
    0x080047e8   0x080047e8   0x0000030c   Code   RO          580    .text               looplist.o
    0x08004af4   0x08004af4   0x000001ac   Code   RO          599    .text               sht20.o
    0x08004ca0   0x08004ca0   0x000000c4   Code   RO          615    .text               lock.o
    0x08004d64   0x08004d64   0x000004a4   Code   RO          627    .text               max31865.o
    0x08005208   0x08005208   0x00000174   Code   RO          639    .text               usart2.o
    0x0800537c   0x0800537c   0x000000e8   Code   RO          655    .text               adc.o
    0x08005464   0x08005464   0x000003ac   Code   RO          667    .text               mpu6050.o
    0x08005810   0x08005810   0x0000024c   Code   RO          679    .text               mpuiic.o
    0x08005a5c   0x08005a5c   0x0000026c   Code   RO          691    .text               myiic.o
    0x08005cc8   0x08005cc8   0x00000124   Code   RO          703    .text               uart5.o
    0x08005dec   0x08005dec   0x00000456   Code   RO          715    .text               wk2xxx_uart.o
    0x08006242   0x08006242   0x00000002   PAD
    0x08006244   0x08006244   0x00000158   Code   RO          727    .text               exti.o
    0x0800639c   0x0800639c   0x00000024   Code   RO          756    .text               mc_w.l(memcpya.o)
    0x080063c0   0x080063c0   0x00000024   Code   RO          758    .text               mc_w.l(memseta.o)
    0x080063e4   0x080063e4   0x00000024   Code   RO          760    .text               mc_w.l(strstr.o)
    0x08006408   0x08006408   0x0000000e   Code   RO          762    .text               mc_w.l(strlen.o)
    0x08006416   0x08006416   0x00000002   PAD
    0x08006418   0x08006418   0x00000044   Code   RO          764    .text               mc_w.l(strtok.o)
    0x0800645c   0x0800645c   0x000000b0   Code   RO         1061    .text               mf_w.l(fadd.o)
    0x0800650c   0x0800650c   0x00000064   Code   RO         1063    .text               mf_w.l(fmul.o)
    0x08006570   0x08006570   0x0000007c   Code   RO         1065    .text               mf_w.l(fdiv.o)
    0x080065ec   0x080065ec   0x0000014e   Code   RO         1067    .text               mf_w.l(dadd.o)
    0x0800673a   0x0800673a   0x000000e4   Code   RO         1069    .text               mf_w.l(dmul.o)
    0x0800681e   0x0800681e   0x000000de   Code   RO         1071    .text               mf_w.l(ddiv.o)
    0x080068fc   0x080068fc   0x0000000a   Code   RO         1073    .text               mf_w.l(ffltui.o)
    0x08006906   0x08006906   0x00000022   Code   RO         1075    .text               mf_w.l(dflti.o)
    0x08006928   0x08006928   0x00000032   Code   RO         1077    .text               mf_w.l(ffixi.o)
    0x0800695a   0x0800695a   0x00000026   Code   RO         1079    .text               mf_w.l(f2d.o)
    0x08006980   0x08006980   0x00000030   Code   RO         1081    .text               mf_w.l(cdrcmple.o)
    0x080069b0   0x080069b0   0x00000038   Code   RO         1083    .text               mf_w.l(d2f.o)
    0x080069e8   0x080069e8   0x00000014   Code   RO         1085    .text               mf_w.l(cfrcmple.o)
    0x080069fc   0x080069fc   0x0000002c   Code   RO         1104    .text               mc_w.l(uidiv.o)
    0x08006a28   0x08006a28   0x00000062   Code   RO         1106    .text               mc_w.l(uldiv.o)
    0x08006a8a   0x08006a8a   0x0000001e   Code   RO         1108    .text               mc_w.l(llshl.o)
    0x08006aa8   0x08006aa8   0x00000024   Code   RO         1110    .text               mc_w.l(llsshr.o)
    0x08006acc   0x08006acc   0x00000000   Code   RO         1121    .text               mc_w.l(iusefp.o)
    0x08006acc   0x08006acc   0x0000006e   Code   RO         1122    .text               mf_w.l(fepilogue.o)
    0x08006b3a   0x08006b3a   0x000000ba   Code   RO         1124    .text               mf_w.l(depilogue.o)
    0x08006bf4   0x08006bf4   0x000000a2   Code   RO         1126    .text               mf_w.l(dsqrt.o)
    0x08006c96   0x08006c96   0x00000030   Code   RO         1128    .text               mf_w.l(dfixul.o)
    0x08006cc6   0x08006cc6   0x00000002   PAD
    0x08006cc8   0x08006cc8   0x00000024   Code   RO         1132    .text               mc_w.l(init.o)
    0x08006cec   0x08006cec   0x00000020   Code   RO         1134    .text               mc_w.l(llushr.o)
    0x08006d0c   0x08006d0c   0x00000056   Code   RO         1144    .text               mc_w.l(__dczerorl2.o)
    0x08006d62   0x08006d62   0x00000002   PAD
    0x08006d64   0x08006d64   0x00000020   Code   RO         1005    i.__0printf         mc_w.l(printfa.o)
    0x08006d84   0x08006d84   0x00000028   Code   RO         1007    i.__0sprintf        mc_w.l(printfa.o)
    0x08006dac   0x08006dac   0x0000000e   Code   RO         1138    i.__scatterload_copy  mc_w.l(handlers.o)
    0x08006dba   0x08006dba   0x00000002   Code   RO         1139    i.__scatterload_null  mc_w.l(handlers.o)
    0x08006dbc   0x08006dbc   0x0000000e   Code   RO         1140    i.__scatterload_zeroinit  mc_w.l(handlers.o)
    0x08006dca   0x08006dca   0x00000002   PAD
    0x08006dcc   0x08006dcc   0x0000000c   Code   RO         1116    i.__set_errno       mc_w.l(errno.o)
    0x08006dd8   0x08006dd8   0x00000184   Code   RO         1012    i._fp_digits        mc_w.l(printfa.o)
    0x08006f5c   0x08006f5c   0x000006b4   Code   RO         1013    i._printf_core      mc_w.l(printfa.o)
    0x08007610   0x08007610   0x00000024   Code   RO         1014    i._printf_post_padding  mc_w.l(printfa.o)
    0x08007634   0x08007634   0x0000002e   Code   RO         1015    i._printf_pre_padding  mc_w.l(printfa.o)
    0x08007662   0x08007662   0x0000000a   Code   RO         1017    i._sputc            mc_w.l(printfa.o)
    0x0800766c   0x0800766c   0x00000050   Code   RO         1033    i.free              mc_w.l(malloc.o)
    0x080076bc   0x080076bc   0x0000006c   Code   RO         1034    i.malloc            mc_w.l(malloc.o)
    0x08007728   0x08007728   0x0000004c   Code   RO          746    i.sqrt              m_ws.l(sqrt.o)
    0x08007774   0x08007774   0x000000bb   Data   RO          106    .conststring        main.o
    0x0800782f   0x0800782f   0x00000001   PAD
    0x08007830   0x08007830   0x00000020   Data   RO         1136    Region$$Table       anon$$obj.o


    Execution Region RW_IRAM1 (Exec base: 0x20000000, Load base: 0x08007850, Size: 0x00002950, Max: 0x00010000, ABSOLUTE, COMPRESSED[0x00000088])

    Exec Addr    Load Addr    Size         Type   Attr      Idx    E Section Name        Object

    0x20000000   COMPRESSED   0x00000146   Data   RW          107    .data               main.o
    0x20000146   COMPRESSED   0x00000004   Data   RW          229    .data               delay.o
    0x2000014a   COMPRESSED   0x00000002   PAD
    0x2000014c   COMPRESSED   0x0000001d   Data   RW          247    .data               usart.o
    0x20000169   COMPRESSED   0x00000003   PAD
    0x2000016c   COMPRESSED   0x0000001d   Data   RW          278    .data               configmodulenoblock.o
    0x20000189   COMPRESSED   0x00000003   PAD
    0x2000018c   COMPRESSED   0x00000009   Data   RW          303    .data               cstring.o
    0x20000195   COMPRESSED   0x00000003   PAD
    0x20000198   COMPRESSED   0x00000007   Data   RW          339    .data               timer.o
    0x2000019f   COMPRESSED   0x00000001   PAD
    0x200001a0   COMPRESSED   0x0000000c   Data   RW          363    .data               dht11.o
    0x200001ac   COMPRESSED   0x00000014   Data   RW          395    .data               system_stm32f10x.o
    0x200001c0   COMPRESSED   0x00000014   Data   RW          425    .data               stm32f10x_rcc.o
    0x200001d4   COMPRESSED   0x00000002   Data   RW          548    .data               mqtt_msg.o
    0x200001d6   COMPRESSED   0x00000002   PAD
    0x200001d8   COMPRESSED   0x0000000c   Data   RW          641    .data               usart2.o
    0x200001e4   COMPRESSED   0x00000014   Data   RW          728    .data               exti.o
    0x200001f8   COMPRESSED   0x00000004   Data   RW          765    .data               mc_w.l(strtok.o)
    0x200001fc   COMPRESSED   0x00000004   Data   RW         1103    .data               mc_w.l(stdout.o)
    0x20000200   COMPRESSED   0x00000004   Data   RW         1112    .data               mc_w.l(mvars.o)
    0x20000204   COMPRESSED   0x00000004   Data   RW         1113    .data               mc_w.l(mvars.o)
    0x20000208   COMPRESSED   0x00000004   Data   RW         1117    .data               mc_w.l(errno.o)
    0x2000020c        -       0x00000172   Zero   RW          105    .bss                main.o
    0x2000037e   COMPRESSED   0x00000002   PAD
    0x20000380        -       0x000016e0   Zero   RW          246    .bss                usart.o
    0x20001a60        -       0x00000028   Zero   RW          277    .bss                configmodulenoblock.o
    0x20001a88        -       0x000008b8   Zero   RW          530    .bss                mqtt.o
    0x20002340        -       0x00000010   Zero   RW          640    .bss                usart2.o
    0x20002350        -       0x00000200   Zero   RW          523    HEAP                startup_stm32f10x_hd.o
    0x20002550        -       0x00000400   Zero   RW          522    STACK               startup_stm32f10x_hd.o


==============================================================================

Image component sizes


      Code (inc. data)   RO Data    RW Data    ZI Data      Debug   Object Name

       232          8          0          0          0       1087   adc.o
       212          0          0          0          0       2256   buffermanage.o
      1300        334          0         29         40       3758   configmodulenoblock.o
         0          0          0          0          0         32   core_cm3.o
       320         12          0          9          0       2233   cstring.o
       212         18          0          4          0        974   delay.o
         0          0          0         12          0        701   dht11.o
       344         26          0         20          0       1465   exti.o
        92          8          0          0          0        479   gpio.o
        44          0          0          0          0        634   iwdg.o
       196         14          0          0          0        732   lock.o
       780        190          0          0          0       3467   looplist.o
      2228        416        187        326        370      12722   main.o
      1188         80          0          0          0       2287   max31865.o
       220         22          0          0          0       1733   misc.o
       940         28          0          0          0       4383   mpu6050.o
       588         14          0          0          0       2054   mpuiic.o
      1192         16          0          0       2232       6409   mqtt.o
      1860         26          0          2          0      11580   mqtt_msg.o
       620         14          0          0          0       1868   myiic.o
       428         28          0          0          0       1433   sht20.o
        36          8        304          0       1536        780   startup_stm32f10x_hd.o
      1102         26          0          0          0      10977   stm32f10x_adc.o
       284         10          0          0          0       2195   stm32f10x_exti.o
       860         38          0          0          0       5673   stm32f10x_gpio.o
        64          8          0          0          0     280085   stm32f10x_it.o
        64          6          0          0          0       1253   stm32f10x_iwdg.o
       932         36          0         20          0       8832   stm32f10x_rcc.o
      3610         88          0          0          0      22780   stm32f10x_tim.o
      1032         22          0          0          0       8392   stm32f10x_usart.o
        52          8          0          0          0        631   system.o
       480         38          0         20          0       1743   system_stm32f10x.o
       704         42          0          7          0       1735   timer.o
       292         12          0          0          0       1718   uart5.o
      1176        122          0         29       5856       5002   usart.o
       372         30          0         12         16       1988   usart2.o
      1110         26          0          0          0       4824   wk2xxx_uart.o

    ----------------------------------------------------------------------
     25172       1774        524        504      10052     420895   Object Totals
         0          0         32          0          0          0   (incl. Generated)
         6          0          1         14          2          0   (incl. Padding)

    ----------------------------------------------------------------------

      Code (inc. data)   RO Data    RW Data    ZI Data      Debug   Library Member Name

        76          0          0          0          0         84   sqrt.o
        86          0          0          0          0          0   __dczerorl2.o
         0          0          0          0          0          0   entry.o
         0          0          0          0          0          0   entry10a.o
         0          0          0          0          0          0   entry11a.o
         4          0          0          0          0          0   entry12b.o
         8          4          0          0          0          0   entry2.o
         4          0          0          0          0          0   entry5.o
         0          0          0          0          0          0   entry7b.o
         0          0          0          0          0          0   entry8b.o
         8          4          0          0          0          0   entry9a.o
        12          6          0          4          0         68   errno.o
        30          0          0          0          0          0   handlers.o
        36          8          0          0          0         68   init.o
         0          0          0          0          0          0   iusefp.o
        30          0          0          0          0         68   llshl.o
        36          0          0          0          0         68   llsshr.o
        32          0          0          0          0         68   llushr.o
       188         20          0          0          0        160   malloc.o
        36          0          0          0          0         68   memcpya.o
        36          0          0          0          0        108   memseta.o
         0          0          0          8          0          0   mvars.o
      2268         96          0          0          0        616   printfa.o
         0          0          0          4          0          0   stdout.o
        14          0          0          0          0         68   strlen.o
        36          0          0          0          0         80   strstr.o
        68          6          0          4          0         80   strtok.o
        44          0          0          0          0         80   uidiv.o
        98          0          0          0          0         92   uldiv.o
        48          0          0          0          0         68   cdrcmple.o
        20          0          0          0          0         68   cfrcmple.o
        56          0          0          0          0         88   d2f.o
       334          0          0          0          0        148   dadd.o
       222          0          0          0          0        100   ddiv.o
       186          0          0          0          0        176   depilogue.o
        48          0          0          0          0         68   dfixul.o
        34          0          0          0          0         76   dflti.o
       228          0          0          0          0         96   dmul.o
       162          0          0          0          0        100   dsqrt.o
        38          0          0          0          0         68   f2d.o
       176          0          0          0          0        140   fadd.o
       124          0          0          0          0         88   fdiv.o
       110          0          0          0          0        168   fepilogue.o
        50          0          0          0          0         68   ffixi.o
        10          0          0          0          0         68   ffltui.o
       100          0          0          0          0         76   fmul.o

    ----------------------------------------------------------------------
      5104        144          0         20          0       3440   Library Totals
         8          0          0          0          0          0   (incl. Padding)

    ----------------------------------------------------------------------

      Code (inc. data)   RO Data    RW Data    ZI Data      Debug   Library Name

        76          0          0          0          0         84   m_ws.l
      3074        144          0         20          0       1692   mc_w.l
      1946          0          0          0          0       1664   mf_w.l

    ----------------------------------------------------------------------
      5104        144          0         20          0       3440   Library Totals

    ----------------------------------------------------------------------

==============================================================================


      Code (inc. data)   RO Data    RW Data    ZI Data      Debug   

     30276       1918        524        524      10052     419835   Grand Totals
     30276       1918        524        136      10052     419835   ELF Image Totals (compressed)
     30276       1918        524        136          0          0   ROM Totals

==============================================================================

    Total RO  Size (Code + RO Data)                30800 (  30.08kB)
    Total RW  Size (RW Data + ZI Data)             10576 (  10.33kB)
    Total ROM Size (Code + RO Data + RW Data)      30936 (  30.21kB)

==============================================================================

